###############################################################################
#
# IAR ELF Linker V3.10.1.201 for STM8                     10/Mar/2020  23:46:55
# Copyright 2010-2017 IAR Systems AB.
#
#    Output file  =  
#        D:\ownCloud\Programming\stc1000_stm8\src\Debug\Exe\stc1000p.out
#    Map file     =  
#        D:\ownCloud\Programming\stc1000_stm8\src\Debug\List\stc1000p.map
#    Command line =  
#        -f C:\Users\Emile\AppData\Local\Temp\EW557E.tmp
#        (D:\ownCloud\Programming\stc1000_stm8\src\Debug\Obj\adc.o
#        D:\ownCloud\Programming\stc1000_stm8\src\Debug\Obj\eep.o
#        D:\ownCloud\Programming\stc1000_stm8\src\Debug\Obj\ovbsc.o
#        D:\ownCloud\Programming\stc1000_stm8\src\Debug\Obj\pid.o
#        D:\ownCloud\Programming\stc1000_stm8\src\Debug\Obj\scheduler.o
#        D:\ownCloud\Programming\stc1000_stm8\src\Debug\Obj\stc1000p.o
#        D:\ownCloud\Programming\stc1000_stm8\src\Debug\Obj\stc1000p_lib.o
#        --redirect _Printf=_PrintfFullNoMb --redirect _Scanf=_ScanfFullNoMb -o
#        D:\ownCloud\Programming\stc1000_stm8\src\Debug\Exe\stc1000p.out --map
#        D:\ownCloud\Programming\stc1000_stm8\src\Debug\List\stc1000p.map
#        --config "C:\Program Files (x86)\IAR Systems\Embedded Workbench
#        8.0\stm8\config\lnkstm8s003f3.icf" --config_def _CSTACK_SIZE=0x100
#        --config_def _HEAP_SIZE=0x100 --entry __iar_program_start --debug_lib)
#
###############################################################################

*******************************************************************************
*** RUNTIME MODEL ATTRIBUTES
***

__SystemLibrary            = DLib
__code_model               = small
__core                     = stm8
__data_model               = medium
__dlib_file_descriptor     = 0
__dlib_full_locale_support = 0
__rt_version               = 4


*******************************************************************************
*** PLACEMENT SUMMARY
***

"A0":  place at start of [0x000000-0x0000ff] { rw section .vregs };
"A1":  place at end of [0x000000-0x0003ff] { block CSTACK };
"P2":  place in [from 0x000000 to 0x0003ff] {
          block HEAP, rw section __DLIB_PERTHREAD, rw section .far.bss,
          rw section .far.data, rw section .far.noinit,
          rw section .far_func.textrw, rw section .huge.bss,
          rw section .huge.data, rw section .huge.noinit,
          rw section .huge_func.textrw, rw section .iar.dynexit,
          rw section .near.bss, rw section .near.data, rw section .near.noinit,
          rw section .near_func.textrw };
"A2":  place at start of [0x008000-0x009fff] { block INTVEC };
"P3":  place in [from 0x008000 to 0x009fff] {
          ro section __DLIB_PERTHREAD_init, ro section .far.data_init,
          ro section .far_func.textrw_init, ro section .huge.data_init,
          ro section .huge_func.textrw_init, ro section .iar.init_table,
          ro section .init_array, ro section .near.data_init,
          ro section .near.rodata, ro section .near_func.text,
          ro section .near_func.textrw_init, ro section .tiny.data_init,
          ro section .tiny.rodata_init };
"P4":  place in [from 0x008000 to 0x009fff] {
          ro section .far.rodata, ro section .far_func.text };
"P5":  place in [from 0x008000 to 0x009fff] {
          ro section .huge.rodata, ro section .huge_func.text };
"P6":  place in [from 0x004000 to 0x00407f] { section .eeprom.noinit };
"P7":  place in [from 0x004000 to 0x00407f] { section .eeprom.data };
"P8":  place in [from 0x004000 to 0x00407f] { section .eeprom.rodata };
do not initialize {
   rw section .eeprom.noinit, rw section .far.noinit, rw section .huge.noinit,
   rw section .near.noinit, rw section .tiny.noinit, rw section .vregs };
initialize by copy {
   rw section .far.bss, rw section .far.data, rw section .far_func.textrw,
   rw section .huge.bss, rw section .huge.data, rw section .huge_func.textrw,
   rw section .iar.dynexit, rw section .near.bss, rw section .near.data,
   rw section .near_func.textrw, rw section .tiny.bss, rw section .tiny.data,
   ro section .tiny.rodata };

  Section            Kind      Address    Size  Object
  -------            ----      -------    ----  ------
"A0":                                     0x10
  .vregs             uninit   0x000000    0x10  vregs.o [4]
                            - 0x000010    0x10

"P2", part 1 of 2:                         0x9
  P2-1                        0x000010     0x9  <Init block>
    .near.data       inited   0x000010     0x1  ovbsc.o [1]
    .near.data       inited   0x000011     0x1  ovbsc.o [1]
    .near.data       inited   0x000012     0x2  stc1000p.o [1]
    .near.data       inited   0x000014     0x2  stc1000p.o [1]
    .near.data       inited   0x000016     0x1  stc1000p.o [1]
    .near.data       inited   0x000017     0x1  stc1000p_lib.o [1]
    .near.data       inited   0x000018     0x1  stc1000p_lib.o [1]
                            - 0x000019     0x9

"P2", part 2 of 2:                        0x97
  .near.bss          zero     0x000019    0x54  scheduler.o [1]
  .near.bss          zero     0x00006d     0x4  pid.o [1]
  .near.bss          zero     0x000071     0x4  pid.o [1]
  .near.bss          zero     0x000075     0x4  pid.o [1]
  .near.bss          zero     0x000079     0x2  ovbsc.o [1]
  .near.bss          zero     0x00007b     0x2  pid.o [1]
  .near.bss          zero     0x00007d     0x2  pid.o [1]
  .near.bss          zero     0x00007f     0x2  pid.o [1]
  .near.bss          zero     0x000081     0x2  pid.o [1]
  .near.bss          zero     0x000083     0x2  pid.o [1]
  .near.bss          zero     0x000085     0x2  stc1000p.o [1]
  .near.bss          zero     0x000087     0x2  stc1000p_lib.o [1]
  .near.bss          zero     0x000089     0x2  stc1000p_lib.o [1]
  .near.bss          zero     0x00008b     0x2  stc1000p_lib.o [1]
  .near.bss          zero     0x00008d     0x1  ovbsc.o [1]
  .near.bss          zero     0x00008e     0x1  ovbsc.o [1]
  .near.bss          zero     0x00008f     0x1  ovbsc.o [1]
  .near.bss          zero     0x000090     0x1  ovbsc.o [1]
  .near.bss          zero     0x000091     0x1  ovbsc.o [1]
  .near.bss          zero     0x000092     0x1  ovbsc.o [1]
  .near.bss          zero     0x000093     0x1  ovbsc.o [1]
  .near.bss          zero     0x000094     0x1  ovbsc.o [1]
  .near.bss          zero     0x000095     0x1  ovbsc.o [1]
  .near.bss          zero     0x000096     0x1  ovbsc.o [1]
  .near.bss          zero     0x000097     0x1  pid.o [1]
  .near.bss          zero     0x000098     0x1  pid.o [1]
  .near.bss          zero     0x000099     0x1  scheduler.o [1]
  .near.bss          zero     0x00009a     0x1  stc1000p.o [1]
  .near.bss          zero     0x00009b     0x1  stc1000p.o [1]
  .near.bss          zero     0x00009c     0x1  stc1000p.o [1]
  .near.bss          zero     0x00009d     0x1  stc1000p.o [1]
  .near.bss          zero     0x00009e     0x1  stc1000p.o [1]
  .near.bss          zero     0x00009f     0x1  stc1000p.o [1]
  .near.bss          zero     0x0000a0     0x1  stc1000p.o [1]
  .near.bss          zero     0x0000a1     0x1  stc1000p.o [1]
  .near.bss          zero     0x0000a2     0x1  stc1000p.o [1]
  .near.bss          zero     0x0000a3     0x1  stc1000p.o [1]
  .near.bss          zero     0x0000a4     0x1  stc1000p.o [1]
  .near.bss          zero     0x0000a5     0x1  stc1000p_lib.o [1]
  .near.bss          zero     0x0000a6     0x1  stc1000p_lib.o [1]
  .near.bss          zero     0x0000a7     0x1  stc1000p_lib.o [1]
  .near.bss          zero     0x0000a8     0x1  stc1000p_lib.o [1]
  .near.bss          zero     0x0000a9     0x1  stc1000p_lib.o [1]
  .near.bss          zero     0x0000aa     0x1  stc1000p_lib.o [1]
  .near.bss          zero     0x0000ab     0x1  stc1000p_lib.o [1]
  .near.bss          zero     0x0000ac     0x1  stc1000p_lib.o [1]
  .near.bss          zero     0x0000ad     0x1  stc1000p_lib.o [1]
  .near.bss          zero     0x0000ae     0x1  stc1000p_lib.o [1]
  .near.bss          zero     0x0000af     0x1  stc1000p_lib.o [1]
                            - 0x0000b0    0x97

"A1":                                    0x100
  CSTACK                      0x000300   0x100  <Block>
    CSTACK           uninit   0x000300   0x100  <Block tail>
                            - 0x000400   0x100

"P6-P8":                                  0x48
  .eeprom.rodata     const    0x004000    0x48  stc1000p_lib.o [1]
                            - 0x004048    0x48

Absolute sections, part 1 of 16:           0x1
  .near.noinit       uninit   0x005000     0x1  stc1000p.o [1]
                            - 0x005001     0x1

Absolute sections, part 2 of 16:           0x2
  .near.noinit       uninit   0x005002     0x1  stc1000p.o [1]
  .near.noinit       uninit   0x005003     0x1  stc1000p.o [1]
                            - 0x005004     0x2

Absolute sections, part 3 of 16:           0x4
  .near.noinit       uninit   0x005005     0x1  stc1000p.o [1]
  .near.noinit       uninit   0x005006     0x1  stc1000p.o [1]
  .near.noinit       uninit   0x005007     0x1  stc1000p.o [1]
  .near.noinit       uninit   0x005008     0x1  stc1000p.o [1]
                            - 0x005009     0x4

Absolute sections, part 4 of 16:           0x4
  .near.noinit       uninit   0x00500a     0x1  stc1000p.o [1]
  .near.noinit       uninit   0x00500b     0x1  stc1000p_lib.o [1]
  .near.noinit       uninit   0x00500c     0x1  stc1000p_lib.o [1]
  .near.noinit       uninit   0x00500d     0x1  stc1000p_lib.o [1]
                            - 0x00500e     0x4

Absolute sections, part 5 of 16:           0x4
  .near.noinit       uninit   0x00500f     0x1  stc1000p.o [1]
  .near.noinit       uninit   0x005010     0x1  stc1000p.o [1]
  .near.noinit       uninit   0x005011     0x1  stc1000p.o [1]
  .near.noinit       uninit   0x005012     0x1  stc1000p.o [1]
                            - 0x005013     0x4

Absolute sections, part 6 of 16:           0x1
  .near.noinit       uninit   0x00505f     0x1  eep.o [1]
                            - 0x005060     0x1

Absolute sections, part 7 of 16:           0x1
  .near.noinit       uninit   0x005064     0x1  eep.o [1]
                            - 0x005065     0x1

Absolute sections, part 8 of 16:           0x1
  .near.noinit       uninit   0x0050b3     0x1  stc1000p.o [1]
                            - 0x0050b4     0x1

Absolute sections, part 9 of 16:           0x1
  .near.noinit       uninit   0x0050c0     0x1  stc1000p.o [1]
                            - 0x0050c1     0x1

Absolute sections, part 10 of 16:          0x3
  .near.noinit       uninit   0x0050c4     0x1  stc1000p.o [1]
  .near.noinit       uninit   0x0050c5     0x1  stc1000p.o [1]
  .near.noinit       uninit   0x0050c6     0x1  stc1000p.o [1]
                            - 0x0050c7     0x3

Absolute sections, part 11 of 16:          0x1
  .near.noinit       uninit   0x0050cd     0x1  stc1000p.o [1]
                            - 0x0050ce     0x1

Absolute sections, part 12 of 16:          0x1
  .near.noinit       uninit   0x005300     0x1  stc1000p.o [1]
                            - 0x005301     0x1

Absolute sections, part 13 of 16:          0x2
  .near.noinit       uninit   0x005303     0x1  stc1000p.o [1]
  .near.noinit       uninit   0x005304     0x1  stc1000p.o [1]
                            - 0x005305     0x2

Absolute sections, part 14 of 16:          0x3
  .near.noinit       uninit   0x00530e     0x1  stc1000p.o [1]
  .near.noinit       uninit   0x00530f     0x1  stc1000p.o [1]
  .near.noinit       uninit   0x005310     0x1  stc1000p.o [1]
                            - 0x005311     0x3

Absolute sections, part 15 of 16:          0x6
  .near.noinit       uninit   0x005400     0x1  adc.o [1]
  .near.noinit       uninit   0x005401     0x1  stc1000p.o [1]
  .near.noinit       uninit   0x005402     0x1  adc.o [1]
  .near.noinit       uninit   0x005403     0x1  adc.o [1]
  .near.noinit       uninit   0x005404     0x1  adc.o [1]
  .near.noinit       uninit   0x005405     0x1  adc.o [1]
                            - 0x005406     0x6

Absolute sections, part 16 of 16:          0x1
  .near.noinit       uninit   0x005407     0x1  adc.o [1]
                            - 0x005408     0x1

"A2":                                     0x80
  INTVEC                      0x008000    0x80  <Block>
    .intvec          const    0x008000    0x80  interrupt.o [4]
                            - 0x008080    0x80

"P3-P5":                                0x17de
  .near_func.text    ro code  0x008080   0x48e  stc1000p_lib.o [1]
  .near_func.text    ro code  0x00850e   0x333  ovbsc.o [1]
  .near_func.text    ro code  0x008841   0x187  long.o [4]
  .near_func.text    ro code  0x0089c8   0x154  vreg_util.o [4]
  .near_func.text    ro code  0x008b1c   0x123  stc1000p_lib.o [1]
  .near_func.text    ro code  0x008c3f    0xd1  stc1000p.o [1]
  .near_func.text    ro code  0x008d10    0xc4  scheduler.o [1]
  .near_func.text    ro code  0x008dd4    0xa8  stc1000p_lib.o [1]
  .near_func.text    ro code  0x008e7c    0xa4  stc1000p.o [1]
  .near_func.text    ro code  0x008f20    0xa2  adc.o [1]
  .near_func.text    ro code  0x008fc2    0xa1  stc1000p.o [1]
  .near_func.text    ro code  0x009063    0x9e  pid.o [1]
  .near_func.text    ro code  0x009101    0x99  pid.o [1]
  .near.rodata       const    0x00919a    0x8c  stc1000p_lib.o [1]
  .near_func.text    ro code  0x009226    0x77  stc1000p_lib.o [1]
  .near_func.text    ro code  0x00929d    0x74  stc1000p.o [1]
  .near_func.text    ro code  0x009311    0x5f  adc.o [1]
  .near_func.text    ro code  0x009370    0x5a  stc1000p.o [1]
  .near_func.text    ro code  0x0093ca    0x57  stc1000p.o [1]
  .near_func.text    ro code  0x009421    0x57  stc1000p.o [1]
  .near_func.text    ro code  0x009478    0x4e  scheduler.o [1]
  .near_func.text    ro code  0x0094c6    0x4a  stc1000p_lib.o [1]
  .near_func.text    ro code  0x009510    0x42  scheduler.o [1]
  .near.rodata       const    0x009552    0x40  adc.o [1]
  .near.rodata       const    0x009592    0x40  adc.o [1]
  .near_func.text    ro code  0x0095d2    0x3c  stc1000p_lib.o [1]
  .near_func.text    ro code  0x00960e    0x34  stc1000p.o [1]
  .near_func.text    ro code  0x009642    0x34  strncpy.o [4]
  .near_func.text    ro code  0x009676    0x32  short.o [4]
  .near_func.text    ro code  0x0096a8    0x31  eep.o [1]
  .near_func.text    ro code  0x0096d9    0x31  stc1000p.o [1]
  .near_func.text    ro code  0x00970a    0x29  stc1000p.o [1]
  .near_func.text    ro code  0x009733    0x28  init_small.o [4]
  .near_func.text    ro code  0x00975b    0x26  long_util.o [4]
  .iar.init_table    const    0x009781    0x12  - Linker created -
  .near_func.text    ro code  0x009793    0x1e  init_small.o [4]
  .near_func.text    ro code  0x0097b1    0x18  dc_util.o [4]
  .near_func.text    ro code  0x0097c9    0x15  stc1000p.o [1]
  .near_func.text    ro code  0x0097de    0x14  eep.o [1]
  .near_func.text    ro code  0x0097f2    0x14  init.o [4]
  .near_func.text    ro code  0x009806    0x14  __dbg_xxexit.o [3]
  .near_func.text    ro code  0x00981a    0x13  cstartup.o [4]
  .near.rodata       const    0x00982d     0xa  stc1000p_lib.o [1]
  Initializer bytes  const    0x009837     0x9  <for P2-1>
  .near_func.text    ro code  0x009840     0x5  cexit.o [4]
  .near.rodata       const    0x009845     0x4  stc1000p.o [1]
  .near.rodata       const    0x009849     0x4  stc1000p.o [1]
  .near.rodata       const    0x00984d     0x4  stc1000p.o [1]
  .near_func.text    ro code  0x009851     0x3  interrupt.o [4]
  .near_func.text    ro code  0x009854     0x3  low_level_init.o [4]
  .near_func.text    ro code  0x009857     0x3  exit.o [4]
  .near_func.text    ro code  0x00985a     0x3  unhandled_exception.o [4]
  .near_func.text    ro code  0x00985d     0x1  __dbg_break.o [3]
                            - 0x00985e  0x17de


*******************************************************************************
*** INIT TABLE
***

          Address   Size
          -------   ----
Zero (__iar_zero_init2)
    1 destination range, total size 0x97:
          0x000019  0x97

Copy (__iar_copy_init2)
    1 source range, total size 0x9:
          0x009837   0x9
    1 destination range, total size 0x9:
          0x000010   0x9



*******************************************************************************
*** MODULE SUMMARY
***

    Module                 ro code  ro data  rw data  rw data
                                                       (abs)
    ------                 -------  -------  -------  -------
D:\ownCloud\Programming\stc1000_stm8\src\Debug\Obj: [1]
    adc.o                      257      128                 6
    eep.o                       69                          2
    ovbsc.o                    819        2       14
    pid.o                      311                24
    scheduler.o                340                85
    stc1000p.o               1 077       17       18       25
    stc1000p_lib.o           1 878      224       19        3
    ---------------------------------------------------------
    Total:                   4 751      371      160       36

command line: [2]
    ---------------------------------------------------------
    Total:

dbgstm8smd.a: [3]
    __dbg_break.o                1
    __dbg_xxexit.o              20
    ---------------------------------------------------------
    Total:                      21

dlstm8smn.a: [4]
    cexit.o                      5
    cstartup.o                  19
    dc_util.o                   24
    exit.o                       3
    init.o                      20
    init_small.o                70
    interrupt.o                  3      128
    long.o                     391
    long_util.o                 38
    low_level_init.o             3
    short.o                     50
    strncpy.o                   52
    unhandled_exception.o        3
    vreg_util.o                340
    vregs.o                                       16
    ---------------------------------------------------------
    Total:                   1 021      128       16

    Linker created                       18      256
-------------------------------------------------------------
    Grand Total:             5 793      517      432       36


*******************************************************************************
*** ENTRY LIST
***

Entry                    Address   Size  Type      Object
-----                    -------   ----  ----      ------
.iar.init_table$$Base   0x009781          --   Gb  - Linker created -
.iar.init_table$$Limit  0x009793          --   Gb  - Linker created -
?add32_l0_l0_0x         0x008854         Code  Gb  long.o [4]
?add32_l0_l0_l1         0x008851         Code  Gb  long.o [4]
?b0                     0x000000         Data  Gb  vregs.o [4]
?b1                     0x000001         Data  Gb  vregs.o [4]
?b10                    0x00000a         Data  Gb  vregs.o [4]
?b11                    0x00000b         Data  Gb  vregs.o [4]
?b12                    0x00000c         Data  Gb  vregs.o [4]
?b13                    0x00000d         Data  Gb  vregs.o [4]
?b14                    0x00000e         Data  Gb  vregs.o [4]
?b15                    0x00000f         Data  Gb  vregs.o [4]
?b2                     0x000002         Data  Gb  vregs.o [4]
?b3                     0x000003         Data  Gb  vregs.o [4]
?b4                     0x000004         Data  Gb  vregs.o [4]
?b5                     0x000005         Data  Gb  vregs.o [4]
?b6                     0x000006         Data  Gb  vregs.o [4]
?b7                     0x000007         Data  Gb  vregs.o [4]
?b8                     0x000008         Data  Gb  vregs.o [4]
?b9                     0x000009         Data  Gb  vregs.o [4]
?dc32_l1                0x0097b1         Code  Gb  dc_util.o [4]
?dc32_px                0x0097be         Code  Gb  dc_util.o [4]
?e0                     0x000001         Data  Gb  vregs.o [4]
?e1                     0x000005         Data  Gb  vregs.o [4]
?e2                     0x000009         Data  Gb  vregs.o [4]
?e3                     0x00000d         Data  Gb  vregs.o [4]
?epilogue_l2            0x008a9a         Code  Gb  vreg_util.o [4]
?epilogue_l2_l3         0x008a97         Code  Gb  vreg_util.o [4]
?epilogue_l2_w6         0x008a9e         Code  Gb  vreg_util.o [4]
?l0                     0x000000         Data  Gb  vregs.o [4]
?l1                     0x000004         Data  Gb  vregs.o [4]
?l2                     0x000008         Data  Gb  vregs.o [4]
?l3                     0x00000c         Data  Gb  vregs.o [4]
?load32_0x_l0           0x009773         Code  Gb  long_util.o [4]
?load32_l0_0x           0x00975b         Code  Gb  long_util.o [4]
?load32_l1_0x           0x009767         Code  Gb  long_util.o [4]
?mov_e0_e1              0x008ac4         Code  Gb  vreg_util.o [4]
?mov_e0_e2              0x008ad1         Code  Gb  vreg_util.o [4]
?mov_e1_e0              0x008ade         Code  Gb  vreg_util.o [4]
?mov_e1_e2              0x008aeb         Code  Gb  vreg_util.o [4]
?mov_e1_e3              0x008af8         Code  Gb  vreg_util.o [4]
?mov_e2_e0              0x008b05         Code  Gb  vreg_util.o [4]
?mov_e3_e0              0x008b12         Code  Gb  vreg_util.o [4]
?mov_l0_l1              0x008ac1         Code  Gb  vreg_util.o [4]
?mov_l0_l2              0x008ace         Code  Gb  vreg_util.o [4]
?mov_l1_l0              0x008adb         Code  Gb  vreg_util.o [4]
?mov_l1_l2              0x008ae8         Code  Gb  vreg_util.o [4]
?mov_l1_l3              0x008af5         Code  Gb  vreg_util.o [4]
?mov_l2_l0              0x008b02         Code  Gb  vreg_util.o [4]
?mov_l3_l0              0x008b0f         Code  Gb  vreg_util.o [4]
?mov_w0_w1              0x008aa5         Code  Gb  vreg_util.o [4]
?mov_w1_w3              0x008ac7         Code  Gb  vreg_util.o [4]
?mov_w1_w5              0x008ad4         Code  Gb  vreg_util.o [4]
?mov_w1_w6              0x008aac         Code  Gb  vreg_util.o [4]
?mov_w3_w1              0x008ae1         Code  Gb  vreg_util.o [4]
?mov_w3_w5              0x008aee         Code  Gb  vreg_util.o [4]
?mov_w3_w7              0x008afb         Code  Gb  vreg_util.o [4]
?mov_w5_w0              0x008ab3         Code  Gb  vreg_util.o [4]
?mov_w5_w1              0x008b08         Code  Gb  vreg_util.o [4]
?mov_w6_w1              0x008aba         Code  Gb  vreg_util.o [4]
?mov_w7_w1              0x008b15         Code  Gb  vreg_util.o [4]
?mul16_x_x_w0           0x009676         Code  Gb  short.o [4]
?mul32_l0_l0_0x         0x00886f         Code  Gb  long.o [4]
?mul32_l0_l0_dl         0x00886c         Code  Gb  long.o [4]
?mul32_l0_l0_l1         0x008878         Code  Gb  long.o [4]
?neg32_l0_l0            0x008841         Code  Gb  long.o [4]
?pop_e3                 0x008a18         Code  Gb  vreg_util.o [4]
?pop_l0                 0x008a63         Code  Gb  vreg_util.o [4]
?pop_l1                 0x008a6e         Code  Gb  vreg_util.o [4]
?pop_l2                 0x008a79         Code  Gb  vreg_util.o [4]
?pop_l3                 0x008a84         Code  Gb  vreg_util.o [4]
?pop_w4                 0x0089ea         Code  Gb  vreg_util.o [4]
?pop_w6                 0x0089f1         Code  Gb  vreg_util.o [4]
?push_e3                0x008a00         Code  Gb  vreg_util.o [4]
?push_l0                0x008a32         Code  Gb  vreg_util.o [4]
?push_l1                0x008a37         Code  Gb  vreg_util.o [4]
?push_l2                0x008a3c         Code  Gb  vreg_util.o [4]
?push_l3                0x008a41         Code  Gb  vreg_util.o [4]
?push_w0                0x0089c8         Code  Gb  vreg_util.o [4]
?push_w4                0x0089cd         Code  Gb  vreg_util.o [4]
?push_w6                0x0089d2         Code  Gb  vreg_util.o [4]
?sdiv32_l0_l0_dl        0x008963         Code  Gb  long.o [4]
?sdiv32_l0_l0_l1        0x008966         Code  Gb  long.o [4]
?sext32_l0_x            0x0089bd         Code  Gb  long.o [4]
?smod32_l1_l0_l1        0x008966         Code  Gb  long.o [4]
?sra32_0x_0x_a          0x0089af         Code  Gb  long.o [4]
?sra32_l0_l0_a          0x0089ac         Code  Gb  long.o [4]
?srl16_x_x_10           0x00969d         Code  Gb  short.o [4]
?srl16_x_x_11           0x00969c         Code  Gb  short.o [4]
?srl16_x_x_4            0x0096a3         Code  Gb  short.o [4]
?srl16_x_x_5            0x0096a2         Code  Gb  short.o [4]
?srl16_x_x_6            0x0096a1         Code  Gb  short.o [4]
?srl16_x_x_7            0x0096a0         Code  Gb  short.o [4]
?srl16_x_x_8            0x00969f         Code  Gb  short.o [4]
?srl16_x_x_9            0x00969e         Code  Gb  short.o [4]
?srl16_x_x_a            0x009694         Code  Gb  short.o [4]
?udiv32_l0_l0_l1        0x0088f6         Code  Gb  long.o [4]
?umod32_l1_l0_l1        0x0088f6         Code  Gb  long.o [4]
?w0                     0x000000         Data  Gb  vregs.o [4]
?w1                     0x000002         Data  Gb  vregs.o [4]
?w2                     0x000004         Data  Gb  vregs.o [4]
?w3                     0x000006         Data  Gb  vregs.o [4]
?w4                     0x000008         Data  Gb  vregs.o [4]
?w5                     0x00000a         Data  Gb  vregs.o [4]
?w6                     0x00000c         Data  Gb  vregs.o [4]
?w7                     0x00000e         Data  Gb  vregs.o [4]
ADC_DRH                 0x005404    0x1  Data  Gb  adc.o [1]
ADC_DRL                 0x005405    0x1  Data  Gb  adc.o [1]
ADC_TDRL                0x005407    0x1  Data  Gb  adc.o [1]
CLK_SWR                 0x0050c4    0x1  Data  Gb  stc1000p.o [1]
CSTACK$$Base            0x000300          --   Gb  - Linker created -
CSTACK$$Limit           0x000400          --   Gb  - Linker created -
FLASH_DUKR              0x005064    0x1  Data  Gb  eep.o [1]
INTVEC$$Base            0x008000          --   Gb  - Linker created -
INTVEC$$Limit           0x008080          --   Gb  - Linker created -
Region$$Table$$Base     0x009781          --   Gb  - Linker created -
Region$$Table$$Limit    0x009793          --   Gb  - Linker created -
TIM2_ARRH               0x00530f    0x1  Data  Gb  stc1000p.o [1]
TIM2_ARRL               0x005310    0x1  Data  Gb  stc1000p.o [1]
TIM2_UPD_OVF_IRQHandler
                        0x0093ca   0x57  Code  Gb  stc1000p.o [1]
_A_ADC_CR1              0x005401    0x1  Data  Gb  stc1000p.o [1]
_A_ADC_CR2              0x005402    0x1  Data  Gb  adc.o [1]
_A_ADC_CR3              0x005403    0x1  Data  Gb  adc.o [1]
_A_ADC_CSR              0x005400    0x1  Data  Gb  adc.o [1]
_A_CLK_CKDIVR           0x0050c6    0x1  Data  Gb  stc1000p.o [1]
_A_CLK_ICKR             0x0050c0    0x1  Data  Gb  stc1000p.o [1]
_A_CLK_SWCR             0x0050c5    0x1  Data  Gb  stc1000p.o [1]
_A_CLK_SWIMCCR          0x0050cd    0x1  Data  Gb  stc1000p.o [1]
_A_FLASH_IAPSR          0x00505f    0x1  Data  Gb  eep.o [1]
_A_PA_CR1               0x005003    0x1  Data  Gb  stc1000p.o [1]
_A_PA_DDR               0x005002    0x1  Data  Gb  stc1000p.o [1]
_A_PA_ODR               0x005000    0x1  Data  Gb  stc1000p.o [1]
_A_PB_CR1               0x005008    0x1  Data  Gb  stc1000p.o [1]
_A_PB_DDR               0x005007    0x1  Data  Gb  stc1000p.o [1]
_A_PB_IDR               0x005006    0x1  Data  Gb  stc1000p.o [1]
_A_PB_ODR               0x005005    0x1  Data  Gb  stc1000p.o [1]
_A_PC_CR1               0x00500d    0x1  Data  Gb  stc1000p_lib.o [1]
_A_PC_DDR               0x00500c    0x1  Data  Gb  stc1000p_lib.o [1]
_A_PC_IDR               0x00500b    0x1  Data  Gb  stc1000p_lib.o [1]
_A_PC_ODR               0x00500a    0x1  Data  Gb  stc1000p.o [1]
_A_PD_CR1               0x005012    0x1  Data  Gb  stc1000p.o [1]
_A_PD_DDR               0x005011    0x1  Data  Gb  stc1000p.o [1]
_A_PD_IDR               0x005010    0x1  Data  Gb  stc1000p.o [1]
_A_PD_ODR               0x00500f    0x1  Data  Gb  stc1000p.o [1]
_A_RST_SR               0x0050b3    0x1  Data  Gb  stc1000p.o [1]
_A_TIM2_CR1             0x005300    0x1  Data  Gb  stc1000p.o [1]
_A_TIM2_IER             0x005303    0x1  Data  Gb  stc1000p.o [1]
_A_TIM2_PSCR            0x00530e    0x1  Data  Gb  stc1000p.o [1]
_A_TIM2_SR1             0x005304    0x1  Data  Gb  stc1000p.o [1]
__DebugBreak            0x00985d    0x1  Code  Gb  __dbg_break.o [3]
__exit                  0x009806   0x14  Code  Gb  __dbg_xxexit.o [3]
__iar_copy_init2        0x009733         Code  Gb  init_small.o [4]
__iar_data_init2        0x0097f2   0x14  Code  Gb  init.o [4]
__iar_program_start     0x00981a         Code  Gb  cstartup.o [4]
__iar_unhandled_exception
                        0x00985a         Code  Gb  unhandled_exception.o [4]
__iar_zero_init2        0x009793         Code  Gb  init_small.o [4]
__intvec                0x008000         Data  Gb  interrupt.o [4]
__low_level_init        0x009854    0x3  Code  Gb  low_level_init.o [4]
_buttons                0x0000ad    0x1  Data  Gb  stc1000p_lib.o [1]
_exit                   0x009840         Code  Gb  cexit.o [4]
_interrupt_15           0x0093ca         Code  Gb  stc1000p.o [1]
ad_ch                   0x00009d    0x1  Data  Gb  stc1000p.o [1]
ad_err1                 0x00009a    0x1  Data  Gb  stc1000p.o [1]
ad_lookup_c             0x009592   0x40  Data  Gb  adc.o [1]
ad_lookup_f             0x009552   0x40  Data  Gb  adc.o [1]
ad_ntc1                 0x000012    0x2  Data  Gb  stc1000p.o [1]
ad_to_temp              0x008f20   0xa2  Code  Gb  adc.o [1]
adc_task                0x00929d   0x74  Code  Gb  stc1000p.o [1]
add_task                0x008d10   0xc4  Code  Gb  scheduler.o [1]
al_led_01               0x000096    0x1  Data  Gb  ovbsc.o [1]
al_led_1                0x000095    0x1  Data  Gb  ovbsc.o [1]
al_led_10               0x000094    0x1  Data  Gb  ovbsc.o [1]
check_config_value      0x008b34  0x10b  Code  Gb  stc1000p_lib.o [1]
config_item             0x0000ab    0x1  Data  Gb  stc1000p_lib.o [1]
config_value            0x000087    0x2  Data  Gb  stc1000p_lib.o [1]
countdown               0x000079    0x2  Data  Gb  ovbsc.o [1]
ctrl_task               0x008e7c   0xa4  Code  Gb  stc1000p.o [1]
dispatch_tasks          0x009478   0x4e  Code  Gb  scheduler.o [1]
divu10                  0x0095d2   0x3c  Code  Gb  stc1000p_lib.o [1]
eedata                  0x004000   0x48  Data  Gb  stc1000p_lib.o [1]
eeprom_read_config      0x0097de   0x14  Code  Gb  eep.o [1]
eeprom_write_config     0x0096a8   0x31  Code  Gb  eep.o [1]
exit                    0x009857    0x3  Code  Gb  exit.o [4]
fahrenheit              0x0000aa    0x1  Data  Gb  stc1000p_lib.o [1]
init_pid                0x009101   0x99  Code  Gb  pid.o [1]
initialise_system_clock
                        0x0096d9   0x31  Code  Gb  stc1000p.o [1]
kc                      0x00007b    0x2  Data  Gb  pid.o [1]
kd                      0x000071    0x4  Data  Gb  pid.o [1]
key_held_tmr            0x0000ae    0x1  Data  Gb  stc1000p_lib.o [1]
ki                      0x00006d    0x4  Data  Gb  pid.o [1]
led_01                  0x0000a8    0x1  Data  Gb  stc1000p_lib.o [1]
led_1                   0x0000a7    0x1  Data  Gb  stc1000p_lib.o [1]
led_10                  0x0000a6    0x1  Data  Gb  stc1000p_lib.o [1]
led_e                   0x0000a5    0x1  Data  Gb  stc1000p_lib.o [1]
led_lookup              0x00982d    0xa  Data  Gb  stc1000p_lib.o [1]
m_countdown             0x0000ac    0x1  Data  Gb  stc1000p_lib.o [1]
main                    0x009370   0x5a  Code  Gb  stc1000p.o [1]
mashstep                0x000093    0x1  Data  Gb  ovbsc.o [1]
max_tasks               0x000099    0x1  Data  Gb  scheduler.o [1]
menu                    0x00919a   0x8c  Data  Gb  stc1000p_lib.o [1]
menu_fsm                0x008080  0x48e  Code  Gb  stc1000p_lib.o [1]
menu_is_idle            0x000017    0x1  Data  Gb  stc1000p_lib.o [1]
menustate               0x0000a9    0x1  Data  Gb  stc1000p_lib.o [1]
mpx_nr                  0x00009e    0x1  Data  Gb  stc1000p.o [1]
multiplexer             0x008c3f   0xd1  Code  Gb  stc1000p.o [1]
ovbsc_fsm               0x00850e  0x333  Code  Gb  ovbsc.o [1]
ovbsc_fsm::sec_countdown
                        0x000011    0x1  Data  Lc  ovbsc.o [1]
ovbsc_off               0x000010    0x1  Data  Gb  ovbsc.o [1]
ovbsc_pause             0x00008d    0x1  Data  Gb  ovbsc.o [1]
ovbsc_pid_on            0x000091    0x1  Data  Gb  ovbsc.o [1]
ovbsc_pump_on           0x00008f    0x1  Data  Gb  ovbsc.o [1]
ovbsc_run_prg           0x00008e    0x1  Data  Gb  ovbsc.o [1]
ovbsc_thermostat        0x000090    0x1  Data  Gb  ovbsc.o [1]
pid_control             0x009226   0x77  Code  Gb  stc1000p_lib.o [1]
pid_control::pid_tmr    0x0000af    0x1  Data  Lc  stc1000p_lib.o [1]
pid_ctrl                0x009063   0x9e  Code  Gb  pid.o [1]
pid_out                 0x00008b    0x2  Data  Gb  stc1000p_lib.o [1]
pid_to_time             0x008fc2   0x98  Code  Gb  stc1000p.o [1]
pid_to_time::htmr       0x0000a4    0x1  Data  Lc  stc1000p.o [1]
pid_to_time::ltmr       0x0000a3    0x1  Data  Lc  stc1000p.o [1]
pid_to_time::std_ptt    0x000016    0x1  Data  Lc  stc1000p.o [1]
portb                   0x0000a0    0x1  Data  Gb  stc1000p.o [1]
portc                   0x0000a1    0x1  Data  Gb  stc1000p.o [1]
portd                   0x0000a2    0x1  Data  Gb  stc1000p.o [1]
portd_leds              0x00009f    0x1  Data  Gb  stc1000p.o [1]
pp                      0x000075    0x4  Data  Gb  pid.o [1]
prg_state               0x000092    0x1  Data  Gb  ovbsc.o [1]
pwr_on                  0x000018    0x1  Data  Gb  stc1000p_lib.o [1]
pwr_on_tmr              0x000014    0x2  Data  Gb  stc1000p.o [1]
range                   0x008b1c   0x18  Code  Gb  stc1000p_lib.o [1]
read_adc                0x009311   0x5f  Code  Gb  adc.o [1]
read_buttons            0x0094c6   0x4a  Code  Gb  stc1000p_lib.o [1]
restore_display_state   0x00960e   0x34  Code  Gb  stc1000p.o [1]
reverse_acting          0x000098    0x1  Data  Gb  pid.o [1]
save_display_state      0x00970a   0x29  Code  Gb  stc1000p.o [1]
scheduler_isr           0x009510   0x42  Code  Gb  scheduler.o [1]
setpoint                0x000089    0x2  Data  Gb  stc1000p_lib.o [1]
setup_output_ports      0x009421   0x57  Code  Gb  stc1000p.o [1]
setup_timer2            0x0097c9   0x15  Code  Gb  stc1000p.o [1]
show_sa_alarm           0x00009b    0x1  Data  Gb  stc1000p.o [1]
sound_alarm             0x00009c    0x1  Data  Gb  stc1000p.o [1]
std_task                0x00905a    0x9  Code  Gb  stc1000p.o [1]
strncpy                 0x009642   0x34  Code  Gb  strncpy.o [4]
task_list               0x000019   0x54  Data  Gb  scheduler.o [1]
td                      0x00007f    0x2  Data  Gb  pid.o [1]
temp_ntc1               0x000085    0x2  Data  Gb  stc1000p.o [1]
ti                      0x00007d    0x2  Data  Gb  pid.o [1]
ts                      0x000097    0x1  Data  Gb  pid.o [1]
value_to_led            0x008dd4   0xa8  Code  Gb  stc1000p_lib.o [1]
yk_1                    0x000081    0x2  Data  Gb  pid.o [1]
yk_2                    0x000083    0x2  Data  Gb  pid.o [1]


[1] = D:\ownCloud\Programming\stc1000_stm8\src\Debug\Obj
[2] = command line
[3] = dbgstm8smd.a
[4] = dlstm8smn.a

  5 793 bytes of readonly  code memory
    517 bytes of readonly  data memory
    432 bytes of readwrite data memory (+ 36 absolute)

Errors: none
Warnings: none
