###############################################################################
#
# IAR ELF Linker V2.20.1.176 for STM8                     15/Nov/2016  16:43:17
# Copyright 2010-2015 IAR Systems AB.
#
#    Output file  =  
#        D:\Dropbox\Programming\Github\stc1000_stm8\src\Debug\Exe\stc1000p.out
#    Map file     =  
#        D:\Dropbox\Programming\Github\stc1000_stm8\src\Debug\List\stc1000p.map
#    Command line =  
#        D:\Dropbox\Programming\Github\stc1000_stm8\src\Debug\Obj\adc.o
#        D:\Dropbox\Programming\Github\stc1000_stm8\src\Debug\Obj\eep.o
#        D:\Dropbox\Programming\Github\stc1000_stm8\src\Debug\Obj\pid.o
#        D:\Dropbox\Programming\Github\stc1000_stm8\src\Debug\Obj\scheduler.o
#        D:\Dropbox\Programming\Github\stc1000_stm8\src\Debug\Obj\stc1000p.o
#        D:\Dropbox\Programming\Github\stc1000_stm8\src\Debug\Obj\stc1000p_lib.o
#        --redirect _Printf=_PrintfFullNoMb --redirect _Scanf=_ScanfFullNoMb -o
#        D:\Dropbox\Programming\Github\stc1000_stm8\src\Debug\Exe\stc1000p.out
#        --map
#        D:\Dropbox\Programming\Github\stc1000_stm8\src\Debug\List\stc1000p.map
#        --config "C:\Program Files (x86)\IAR Systems\Embedded Workbench
#        7.3\stm8\config\lnkstm8s003f3.icf" --config_def _CSTACK_SIZE=0x100
#        --config_def _HEAP_SIZE=0x100 --entry __iar_program_start --debug_lib
#
###############################################################################

*******************************************************************************
*** RUNTIME MODEL ATTRIBUTES
***

__SystemLibrary            = DLib
__code_model               = small
__core                     = stm8
__data_model               = medium
__dlib_file_descriptor     = 0
__dlib_full_locale_support = 0
__rt_version               = 4


*******************************************************************************
*** PLACEMENT SUMMARY
***

"A1":  place at start of [0x000000-0x0000ff] { rw section .vregs };
"A2":  place at end of [0x000000-0x0003ff] { block CSTACK };
"P2":  place in [from 0x000000 to 0x0003ff] {
          block HEAP, rw section __DLIB_PERTHREAD, rw section .far.bss,
          rw section .far.data, rw section .far.noinit,
          rw section .far_func.textrw, rw section .huge.bss,
          rw section .huge.data, rw section .huge.noinit,
          rw section .huge_func.textrw, rw section .iar.dynexit,
          rw section .near.bss, rw section .near.data, rw section .near.noinit,
          rw section .near_func.textrw };
"A3":  place at start of [0x008000-0x009fff] { block INTVEC };
"P3":  place in [from 0x008000 to 0x009fff] {
          ro section __DLIB_PERTHREAD_init, ro section .far.data_init,
          ro section .far_func.textrw_init, ro section .huge.data_init,
          ro section .huge_func.textrw_init, ro section .iar.init_table,
          ro section .init_array, ro section .near.data_init,
          ro section .near.rodata, ro section .near_func.text,
          ro section .near_func.textrw_init, ro section .tiny.data_init,
          ro section .tiny.rodata_init };
"P8":  place in [from 0x004000 to 0x00407f] { section .eeprom.rodata };

  Section            Kind      Address    Size  Object
  -------            ----      -------    ----  ------
"A1":                                     0x10
  .vregs             uninit   0x000000    0x10  vregs.o [4]
                            - 0x000010    0x10

"P2", part 1 of 2:                         0xd
  P2-1                        0x000010     0xd  <Init block>
    .near.data       inited   0x000010     0x2  stc1000p.o [1]
    .near.data       inited   0x000012     0x2  stc1000p.o [1]
    .near.data       inited   0x000014     0x2  stc1000p.o [1]
    .near.data       inited   0x000016     0x1  stc1000p.o [1]
    .near.data       inited   0x000017     0x2  stc1000p_lib.o [1]
    .near.data       inited   0x000019     0x2  stc1000p_lib.o [1]
    .near.data       inited   0x00001b     0x1  stc1000p_lib.o [1]
    .near.data       inited   0x00001c     0x1  stc1000p_lib.o [1]
                            - 0x00001d     0xd

"P2", part 2 of 2:                        0xb0
  .near.bss          zero     0x00001d    0x69  scheduler.o [1]
  .near.bss          zero     0x000086     0x4  pid.o [1]
  .near.bss          zero     0x00008a     0x4  pid.o [1]
  .near.bss          zero     0x00008e     0x4  pid.o [1]
  .near.bss          zero     0x000092     0x2  pid.o [1]
  .near.bss          zero     0x000094     0x2  pid.o [1]
  .near.bss          zero     0x000096     0x2  pid.o [1]
  .near.bss          zero     0x000098     0x2  pid.o [1]
  .near.bss          zero     0x00009a     0x2  pid.o [1]
  .near.bss          zero     0x00009c     0x2  stc1000p.o [1]
  .near.bss          zero     0x00009e     0x2  stc1000p.o [1]
  .near.bss          zero     0x0000a0     0x2  stc1000p_lib.o [1]
  .near.bss          zero     0x0000a2     0x2  stc1000p_lib.o [1]
  .near.bss          zero     0x0000a4     0x2  stc1000p_lib.o [1]
  .near.bss          zero     0x0000a6     0x2  stc1000p_lib.o [1]
  .near.bss          zero     0x0000a8     0x2  stc1000p_lib.o [1]
  .near.bss          zero     0x0000aa     0x2  stc1000p_lib.o [1]
  .near.bss          zero     0x0000ac     0x2  stc1000p_lib.o [1]
  .near.bss          zero     0x0000ae     0x2  stc1000p_lib.o [1]
  .near.bss          zero     0x0000b0     0x2  stc1000p_lib.o [1]
  .near.bss          zero     0x0000b2     0x2  stc1000p_lib.o [1]
  .near.bss          zero     0x0000b4     0x1  pid.o [1]
  .near.bss          zero     0x0000b5     0x1  scheduler.o [1]
  .near.bss          zero     0x0000b6     0x1  stc1000p.o [1]
  .near.bss          zero     0x0000b7     0x1  stc1000p.o [1]
  .near.bss          zero     0x0000b8     0x1  stc1000p.o [1]
  .near.bss          zero     0x0000b9     0x1  stc1000p.o [1]
  .near.bss          zero     0x0000ba     0x1  stc1000p.o [1]
  .near.bss          zero     0x0000bb     0x1  stc1000p.o [1]
  .near.bss          zero     0x0000bc     0x1  stc1000p.o [1]
  .near.bss          zero     0x0000bd     0x1  stc1000p.o [1]
  .near.bss          zero     0x0000be     0x1  stc1000p.o [1]
  .near.bss          zero     0x0000bf     0x1  stc1000p.o [1]
  .near.bss          zero     0x0000c0     0x1  stc1000p.o [1]
  .near.bss          zero     0x0000c1     0x1  stc1000p.o [1]
  .near.bss          zero     0x0000c2     0x1  stc1000p.o [1]
  .near.bss          zero     0x0000c3     0x1  stc1000p_lib.o [1]
  .near.bss          zero     0x0000c4     0x1  stc1000p_lib.o [1]
  .near.bss          zero     0x0000c5     0x1  stc1000p_lib.o [1]
  .near.bss          zero     0x0000c6     0x1  stc1000p_lib.o [1]
  .near.bss          zero     0x0000c7     0x1  stc1000p_lib.o [1]
  .near.bss          zero     0x0000c8     0x1  stc1000p_lib.o [1]
  .near.bss          zero     0x0000c9     0x1  stc1000p_lib.o [1]
  .near.bss          zero     0x0000ca     0x1  stc1000p_lib.o [1]
  .near.bss          zero     0x0000cb     0x1  stc1000p_lib.o [1]
  .near.bss          zero     0x0000cc     0x1  stc1000p_lib.o [1]
                            - 0x0000cd    0xb0

"A2":                                    0x100
  CSTACK                      0x000300   0x100  <Block>
    CSTACK           uninit   0x000300   0x100  <Block tail>
                            - 0x000400   0x100

"P8":                                     0x80
  .eeprom.rodata     const    0x004000    0x80  stc1000p_lib.o [1]
                            - 0x004080    0x80

Absolute sections, part 1 of 16:           0x4
  .near.noinit       uninit   0x005000     0x1  stc1000p_lib.o [1]
  .near.noinit       uninit   0x005001     0x1  stc1000p_lib.o [1]
  .near.noinit       uninit   0x005002     0x1  stc1000p.o [1]
  .near.noinit       uninit   0x005003     0x1  stc1000p.o [1]
                            - 0x005004     0x4

Absolute sections, part 2 of 16:           0x4
  .near.noinit       uninit   0x005005     0x1  stc1000p.o [1]
  .near.noinit       uninit   0x005006     0x1  stc1000p.o [1]
  .near.noinit       uninit   0x005007     0x1  stc1000p.o [1]
  .near.noinit       uninit   0x005008     0x1  stc1000p.o [1]
                            - 0x005009     0x4

Absolute sections, part 3 of 16:           0x4
  .near.noinit       uninit   0x00500a     0x1  stc1000p.o [1]
  .near.noinit       uninit   0x00500b     0x1  stc1000p_lib.o [1]
  .near.noinit       uninit   0x00500c     0x1  stc1000p_lib.o [1]
  .near.noinit       uninit   0x00500d     0x1  stc1000p_lib.o [1]
                            - 0x00500e     0x4

Absolute sections, part 4 of 16:           0x4
  .near.noinit       uninit   0x00500f     0x1  stc1000p.o [1]
  .near.noinit       uninit   0x005010     0x1  stc1000p.o [1]
  .near.noinit       uninit   0x005011     0x1  stc1000p.o [1]
  .near.noinit       uninit   0x005012     0x1  stc1000p.o [1]
                            - 0x005013     0x4

Absolute sections, part 5 of 16:           0x1
  .near.noinit       uninit   0x00505f     0x1  eep.o [1]
                            - 0x005060     0x1

Absolute sections, part 6 of 16:           0x1
  .near.noinit       uninit   0x005064     0x1  eep.o [1]
                            - 0x005065     0x1

Absolute sections, part 7 of 16:           0x1
  .near.noinit       uninit   0x0050b3     0x1  stc1000p.o [1]
                            - 0x0050b4     0x1

Absolute sections, part 8 of 16:           0x2
  .near.noinit       uninit   0x0050c0     0x1  stc1000p.o [1]
  .near.noinit       uninit   0x0050c1     0x1  stc1000p.o [1]
                            - 0x0050c2     0x2

Absolute sections, part 9 of 16:           0x4
  .near.noinit       uninit   0x0050c4     0x1  stc1000p.o [1]
  .near.noinit       uninit   0x0050c5     0x1  stc1000p.o [1]
  .near.noinit       uninit   0x0050c6     0x1  stc1000p.o [1]
  .near.noinit       uninit   0x0050c7     0x1  stc1000p.o [1]
                            - 0x0050c8     0x4

Absolute sections, part 10 of 16:          0x2
  .near.noinit       uninit   0x0050c9     0x1  stc1000p.o [1]
  .near.noinit       uninit   0x0050ca     0x1  stc1000p.o [1]
                            - 0x0050cb     0x2

Absolute sections, part 11 of 16:          0x2
  .near.noinit       uninit   0x0050cc     0x1  stc1000p.o [1]
  .near.noinit       uninit   0x0050cd     0x1  stc1000p.o [1]
                            - 0x0050ce     0x2

Absolute sections, part 12 of 16:          0x1
  .near.noinit       uninit   0x005300     0x1  stc1000p.o [1]
                            - 0x005301     0x1

Absolute sections, part 13 of 16:          0x2
  .near.noinit       uninit   0x005303     0x1  stc1000p.o [1]
  .near.noinit       uninit   0x005304     0x1  stc1000p.o [1]
                            - 0x005305     0x2

Absolute sections, part 14 of 16:          0x3
  .near.noinit       uninit   0x00530e     0x1  stc1000p.o [1]
  .near.noinit       uninit   0x00530f     0x1  stc1000p.o [1]
  .near.noinit       uninit   0x005310     0x1  stc1000p.o [1]
                            - 0x005311     0x3

Absolute sections, part 15 of 16:          0x6
  .near.noinit       uninit   0x005400     0x1  adc.o [1]
  .near.noinit       uninit   0x005401     0x1  stc1000p.o [1]
  .near.noinit       uninit   0x005402     0x1  adc.o [1]
  .near.noinit       uninit   0x005403     0x1  adc.o [1]
  .near.noinit       uninit   0x005404     0x1  adc.o [1]
  .near.noinit       uninit   0x005405     0x1  adc.o [1]
                            - 0x005406     0x6

Absolute sections, part 16 of 16:          0x1
  .near.noinit       uninit   0x005407     0x1  adc.o [1]
                            - 0x005408     0x1

"A3":                                     0x80
  INTVEC                      0x008000    0x80  <Block>
    .intvec          const    0x008000    0x80  interrupt.o [4]
                            - 0x008080    0x80

"P3":                                   0x1e88
  .near_func.text    ro code  0x008080   0x62d  stc1000p_lib.o [1]
  .near_func.text    ro code  0x0086ad   0x17d  stc1000p.o [1]
  .near_func.text    ro code  0x00882a   0x177  long.o [4]
  .near_func.text    ro code  0x0089a1   0x166  stc1000p_lib.o [1]
  .near_func.text    ro code  0x008b07   0x161  scheduler.o [1]
  .near_func.text    ro code  0x008c68   0x15c  stc1000p_lib.o [1]
  .near_func.text    ro code  0x008dc4   0x149  vreg_util.o [4]
  .near_func.text    ro code  0x008f0d   0x148  stc1000p_lib.o [1]
  .near_func.text    ro code  0x009055   0x147  stc1000p_lib.o [1]
  .near_func.text    ro code  0x00919c   0x10a  stc1000p_lib.o [1]
  .near_func.text    ro code  0x0092a6    0xba  scheduler.o [1]
  .near_func.text    ro code  0x009360    0xb9  adc.o [1]
  .near_func.text    ro code  0x009419    0xb8  stc1000p.o [1]
  .near_func.text    ro code  0x0094d1    0xb5  stc1000p.o [1]
  .near_func.text    ro code  0x009586    0xa0  pid.o [1]
  .near_func.text    ro code  0x009626    0x96  scheduler.o [1]
  .near_func.text    ro code  0x0096bc    0x94  pid.o [1]
  .near_func.text    ro code  0x009750    0x8e  stc1000p_lib.o [1]
  .near_func.text    ro code  0x0097de    0x88  stc1000p.o [1]
  .near_func.text    ro code  0x009866    0x85  stc1000p.o [1]
  .near_func.text    ro code  0x0098eb    0x7a  stc1000p_lib.o [1]
  .near_func.text    ro code  0x009965    0x74  adc.o [1]
  .near_func.text    ro code  0x0099d9    0x5c  stc1000p_lib.o [1]
  .near_func.text    ro code  0x009a35    0x59  stc1000p.o [1]
  .near_func.text    ro code  0x009a8e    0x57  stc1000p.o [1]
  .near_func.text    ro code  0x009ae5    0x53  eep.o [1]
  .near.rodata       const    0x009b38    0x4c  stc1000p_lib.o [1]
  .near_func.text    ro code  0x009b84    0x4b  stc1000p_lib.o [1]
  .near_func.text    ro code  0x009bcf    0x4a  stc1000p.o [1]
  .near.rodata       const    0x009c19    0x40  adc.o [1]
  .near.rodata       const    0x009c59    0x40  adc.o [1]
  .near_func.text    ro code  0x009c99    0x37  stc1000p.o [1]
  .near_func.text    ro code  0x009cd0    0x35  short.o [4]
  .near_func.text    ro code  0x009d05    0x2e  strncpy.o [4]
  .near_func.text    ro code  0x009d33    0x29  stc1000p.o [1]
  .near_func.text    ro code  0x009d5c    0x28  eep.o [1]
  .near_func.text    ro code  0x009d84    0x28  init_small.o [4]
  .near_func.text    ro code  0x009dac    0x26  stc1000p.o [1]
  .near_func.text    ro code  0x009dd2    0x26  long_util.o [4]
  .iar.init_table    const    0x009df8    0x12  - Linker created -
  .near_func.text    ro code  0x009e0a    0x1e  init_small.o [4]
  .near_func.text    ro code  0x009e28    0x1a  stc1000p_lib.o [1]
  .near_func.text    ro code  0x009e42    0x18  dc_util.o [4]
  .near_func.text    ro code  0x009e5a    0x17  init.o [4]
  .near_func.text    ro code  0x009e71    0x15  stc1000p.o [1]
  .near_func.text    ro code  0x009e86    0x14  __dbg_xxexit.o [3]
  .near_func.text    ro code  0x009e9a    0x13  cstartup.o [4]
  Initializer bytes  const    0x009ead     0xd  <for P2-1>
  .near.rodata       const    0x009eba     0xa  stc1000p.o [1]
  .near.rodata       const    0x009ec4     0xa  stc1000p.o [1]
  .near.rodata       const    0x009ece     0xa  stc1000p.o [1]
  .near.rodata       const    0x009ed8     0xa  stc1000p.o [1]
  .near.rodata       const    0x009ee2     0xa  stc1000p_lib.o [1]
  .near_func.text    ro code  0x009eec     0xa  strncpy.o [4]
  .near_func.text    ro code  0x009ef6     0x5  cexit.o [4]
  .near_func.text    ro code  0x009efb     0x3  interrupt.o [4]
  .near_func.text    ro code  0x009efe     0x3  low_level_init.o [4]
  .near_func.text    ro code  0x009f01     0x3  exit.o [4]
  .near_func.text    ro code  0x009f04     0x3  unhandled_exception.o [4]
  .near_func.text    ro code  0x009f07     0x1  __dbg_break.o [3]
                            - 0x009f08  0x1e88


*******************************************************************************
*** INIT TABLE
***

          Address   Size
          -------   ----
Zero (__iar_zero_init2)
    1 destination range, total size 0xb0:
          0x00001d  0xb0

Copy (__iar_copy_init2)
    1 source range, total size 0xd:
          0x009ead   0xd
    1 destination range, total size 0xd:
          0x000010   0xd



*******************************************************************************
*** MODULE SUMMARY
***

    Module                 ro code  ro data  rw data  rw data
                                                       (abs)
    ------                 -------  -------  -------  -------
D:\Dropbox\Programming\Github\stc1000_stm8\src\Debug\Obj: [1]
    adc.o                      301      128                 6
    eep.o                      123                          2
    pid.o                      308                23
    scheduler.o                689               106
    stc1000p.o               1 420       47       24       29
    stc1000p_lib.o           3 665      220       36        5
    ---------------------------------------------------------
    Total:                   6 506      395      189       42

command line: [2]
    ---------------------------------------------------------
    Total:

dbgstm8smd.a: [3]
    __dbg_break.o                1
    __dbg_xxexit.o              20
    ---------------------------------------------------------
    Total:                      21

dlstm8smn.a: [4]
    cexit.o                      5
    cstartup.o                  19
    dc_util.o                   24
    exit.o                       3
    init.o                      23
    init_small.o                70
    interrupt.o                  3      128
    long.o                     375
    long_util.o                 38
    low_level_init.o             3
    short.o                     53
    strncpy.o                   56
    unhandled_exception.o        3
    vreg_util.o                329
    vregs.o                                       16
    ---------------------------------------------------------
    Total:                   1 004      128       16

    Linker created                       18      256
-------------------------------------------------------------
    Grand Total:             7 531      541      461       42


*******************************************************************************
*** ENTRY LIST
***

Entry                    Address   Size  Type      Object
-----                    -------   ----  ----      ------
.iar.init_table$$Base   0x009df8          --   Gb  - Linker created -
.iar.init_table$$Limit  0x009e0a          --   Gb  - Linker created -
?add32_l0_l0_0x         0x00882d         Code  Gb  long.o [4]
?add32_l0_l0_l1         0x00882a         Code  Gb  long.o [4]
?b0                     0x000000         Data  Gb  vregs.o [4]
?b1                     0x000001         Data  Gb  vregs.o [4]
?b10                    0x00000a         Data  Gb  vregs.o [4]
?b11                    0x00000b         Data  Gb  vregs.o [4]
?b12                    0x00000c         Data  Gb  vregs.o [4]
?b13                    0x00000d         Data  Gb  vregs.o [4]
?b14                    0x00000e         Data  Gb  vregs.o [4]
?b15                    0x00000f         Data  Gb  vregs.o [4]
?b2                     0x000002         Data  Gb  vregs.o [4]
?b3                     0x000003         Data  Gb  vregs.o [4]
?b4                     0x000004         Data  Gb  vregs.o [4]
?b5                     0x000005         Data  Gb  vregs.o [4]
?b6                     0x000006         Data  Gb  vregs.o [4]
?b7                     0x000007         Data  Gb  vregs.o [4]
?b8                     0x000008         Data  Gb  vregs.o [4]
?b9                     0x000009         Data  Gb  vregs.o [4]
?dc32_l1                0x009e42         Code  Gb  dc_util.o [4]
?dc32_px                0x009e4f         Code  Gb  dc_util.o [4]
?e0                     0x000001         Data  Gb  vregs.o [4]
?e1                     0x000005         Data  Gb  vregs.o [4]
?e2                     0x000009         Data  Gb  vregs.o [4]
?e3                     0x00000d         Data  Gb  vregs.o [4]
?epilogue_l2            0x008e85         Code  Gb  vreg_util.o [4]
?epilogue_l2_l3         0x008e82         Code  Gb  vreg_util.o [4]
?epilogue_w4            0x008e89         Code  Gb  vreg_util.o [4]
?l0                     0x000000         Data  Gb  vregs.o [4]
?l1                     0x000004         Data  Gb  vregs.o [4]
?l2                     0x000008         Data  Gb  vregs.o [4]
?l3                     0x00000c         Data  Gb  vregs.o [4]
?load32_0x_l0           0x009dea         Code  Gb  long_util.o [4]
?load32_l0_0x           0x009dd2         Code  Gb  long_util.o [4]
?load32_l1_0x           0x009dde         Code  Gb  long_util.o [4]
?mov_e0_e1              0x008ec1         Code  Gb  vreg_util.o [4]
?mov_e0_e3              0x008ed5         Code  Gb  vreg_util.o [4]
?mov_e1_e0              0x008ee2         Code  Gb  vreg_util.o [4]
?mov_e1_e3              0x008ef6         Code  Gb  vreg_util.o [4]
?mov_e3_e0              0x008f03         Code  Gb  vreg_util.o [4]
?mov_l0_l1              0x008ebe         Code  Gb  vreg_util.o [4]
?mov_l0_l3              0x008ed2         Code  Gb  vreg_util.o [4]
?mov_l1_l0              0x008edf         Code  Gb  vreg_util.o [4]
?mov_l1_l3              0x008ef3         Code  Gb  vreg_util.o [4]
?mov_l3_l0              0x008f00         Code  Gb  vreg_util.o [4]
?mov_w0_w1              0x008e8d         Code  Gb  vreg_util.o [4]
?mov_w0_w2              0x008e94         Code  Gb  vreg_util.o [4]
?mov_w1_w0              0x008e9b         Code  Gb  vreg_util.o [4]
?mov_w1_w3              0x008ec4         Code  Gb  vreg_util.o [4]
?mov_w1_w5              0x008ecb         Code  Gb  vreg_util.o [4]
?mov_w1_w6              0x008ea2         Code  Gb  vreg_util.o [4]
?mov_w1_w7              0x008ed8         Code  Gb  vreg_util.o [4]
?mov_w3_w1              0x008ee5         Code  Gb  vreg_util.o [4]
?mov_w3_w5              0x008eec         Code  Gb  vreg_util.o [4]
?mov_w3_w7              0x008ef9         Code  Gb  vreg_util.o [4]
?mov_w4_w0              0x008ea9         Code  Gb  vreg_util.o [4]
?mov_w6_w1              0x008eb0         Code  Gb  vreg_util.o [4]
?mov_w7_w0              0x008eb7         Code  Gb  vreg_util.o [4]
?mov_w7_w1              0x008f06         Code  Gb  vreg_util.o [4]
?mul16_x_x_w0           0x009cd0         Code  Gb  short.o [4]
?mul32_l0_l0_0x         0x008848         Code  Gb  long.o [4]
?mul32_l0_l0_dl         0x008845         Code  Gb  long.o [4]
?mul32_l0_l0_l1         0x008851         Code  Gb  long.o [4]
?pop_e2                 0x008e03         Code  Gb  vreg_util.o [4]
?pop_l0                 0x008e4e         Code  Gb  vreg_util.o [4]
?pop_l1                 0x008e59         Code  Gb  vreg_util.o [4]
?pop_l2                 0x008e64         Code  Gb  vreg_util.o [4]
?pop_l3                 0x008e6f         Code  Gb  vreg_util.o [4]
?pop_w4                 0x008ddc         Code  Gb  vreg_util.o [4]
?push_e2                0x008deb         Code  Gb  vreg_util.o [4]
?push_l0                0x008e1d         Code  Gb  vreg_util.o [4]
?push_l1                0x008e22         Code  Gb  vreg_util.o [4]
?push_l2                0x008e27         Code  Gb  vreg_util.o [4]
?push_l3                0x008e2c         Code  Gb  vreg_util.o [4]
?push_w4                0x008dc4         Code  Gb  vreg_util.o [4]
?sdiv32_l0_l0_dl        0x00893c         Code  Gb  long.o [4]
?sdiv32_l0_l0_l1        0x00893f         Code  Gb  long.o [4]
?sext32_l0_x            0x008996         Code  Gb  long.o [4]
?sll16_x_x_10           0x009cee         Code  Gb  short.o [4]
?sll16_x_x_4            0x009cf4         Code  Gb  short.o [4]
?sll16_x_x_5            0x009cf3         Code  Gb  short.o [4]
?sll16_x_x_6            0x009cf2         Code  Gb  short.o [4]
?sll16_x_x_7            0x009cf1         Code  Gb  short.o [4]
?sll16_x_x_8            0x009cf0         Code  Gb  short.o [4]
?sll16_x_x_9            0x009cef         Code  Gb  short.o [4]
?smod32_l1_l0_l1        0x00893f         Code  Gb  long.o [4]
?sra32_0x_0x_a          0x008988         Code  Gb  long.o [4]
?sra32_l0_l0_a          0x008985         Code  Gb  long.o [4]
?srl16_x_x_10           0x009cfa         Code  Gb  short.o [4]
?srl16_x_x_11           0x009cf9         Code  Gb  short.o [4]
?srl16_x_x_4            0x009d00         Code  Gb  short.o [4]
?srl16_x_x_5            0x009cff         Code  Gb  short.o [4]
?srl16_x_x_6            0x009cfe         Code  Gb  short.o [4]
?srl16_x_x_7            0x009cfd         Code  Gb  short.o [4]
?srl16_x_x_8            0x009cfc         Code  Gb  short.o [4]
?srl16_x_x_9            0x009cfb         Code  Gb  short.o [4]
?udiv32_l0_l0_l1        0x0088cf         Code  Gb  long.o [4]
?umod32_l1_l0_l1        0x0088cf         Code  Gb  long.o [4]
?w0                     0x000000         Data  Gb  vregs.o [4]
?w1                     0x000002         Data  Gb  vregs.o [4]
?w2                     0x000004         Data  Gb  vregs.o [4]
?w3                     0x000006         Data  Gb  vregs.o [4]
?w4                     0x000008         Data  Gb  vregs.o [4]
?w5                     0x00000a         Data  Gb  vregs.o [4]
?w6                     0x00000c         Data  Gb  vregs.o [4]
?w7                     0x00000e         Data  Gb  vregs.o [4]
ADC_DRH                 0x005404    0x1  Data  Gb  adc.o [1]
ADC_DRL                 0x005405    0x1  Data  Gb  adc.o [1]
ADC_TDRL                0x005407    0x1  Data  Gb  adc.o [1]
CLK_PCKENR1             0x0050c7    0x1  Data  Gb  stc1000p.o [1]
CLK_PCKENR2             0x0050ca    0x1  Data  Gb  stc1000p.o [1]
CLK_SWR                 0x0050c4    0x1  Data  Gb  stc1000p.o [1]
CSTACK$$Base            0x000300          --   Gb  - Linker created -
CSTACK$$Limit           0x000400          --   Gb  - Linker created -
FLASH_DUKR              0x005064    0x1  Data  Gb  eep.o [1]
INTVEC$$Base            0x008000          --   Gb  - Linker created -
INTVEC$$Limit           0x008080          --   Gb  - Linker created -
Region$$Table$$Base     0x009df8          --   Gb  - Linker created -
Region$$Table$$Limit    0x009e0a          --   Gb  - Linker created -
TIM2_ARRH               0x00530f    0x1  Data  Gb  stc1000p.o [1]
TIM2_ARRL               0x005310    0x1  Data  Gb  stc1000p.o [1]
TIM2_UPD_OVF_IRQHandler
                        0x009a35   0x59  Code  Gb  stc1000p.o [1]
_A_ADC_CR1              0x005401    0x1  Data  Gb  stc1000p.o [1]
_A_ADC_CR2              0x005402    0x1  Data  Gb  adc.o [1]
_A_ADC_CR3              0x005403    0x1  Data  Gb  adc.o [1]
_A_ADC_CSR              0x005400    0x1  Data  Gb  adc.o [1]
_A_CLK_CCOR             0x0050c9    0x1  Data  Gb  stc1000p.o [1]
_A_CLK_CKDIVR           0x0050c6    0x1  Data  Gb  stc1000p.o [1]
_A_CLK_ECKR             0x0050c1    0x1  Data  Gb  stc1000p.o [1]
_A_CLK_HSITRIMR         0x0050cc    0x1  Data  Gb  stc1000p.o [1]
_A_CLK_ICKR             0x0050c0    0x1  Data  Gb  stc1000p.o [1]
_A_CLK_SWCR             0x0050c5    0x1  Data  Gb  stc1000p.o [1]
_A_CLK_SWIMCCR          0x0050cd    0x1  Data  Gb  stc1000p.o [1]
_A_FLASH_IAPSR          0x00505f    0x1  Data  Gb  eep.o [1]
_A_PA_CR1               0x005003    0x1  Data  Gb  stc1000p.o [1]
_A_PA_DDR               0x005002    0x1  Data  Gb  stc1000p.o [1]
_A_PA_IDR               0x005001    0x1  Data  Gb  stc1000p_lib.o [1]
_A_PA_ODR               0x005000    0x1  Data  Gb  stc1000p_lib.o [1]
_A_PB_CR1               0x005008    0x1  Data  Gb  stc1000p.o [1]
_A_PB_DDR               0x005007    0x1  Data  Gb  stc1000p.o [1]
_A_PB_IDR               0x005006    0x1  Data  Gb  stc1000p.o [1]
_A_PB_ODR               0x005005    0x1  Data  Gb  stc1000p.o [1]
_A_PC_CR1               0x00500d    0x1  Data  Gb  stc1000p_lib.o [1]
_A_PC_DDR               0x00500c    0x1  Data  Gb  stc1000p_lib.o [1]
_A_PC_IDR               0x00500b    0x1  Data  Gb  stc1000p_lib.o [1]
_A_PC_ODR               0x00500a    0x1  Data  Gb  stc1000p.o [1]
_A_PD_CR1               0x005012    0x1  Data  Gb  stc1000p.o [1]
_A_PD_DDR               0x005011    0x1  Data  Gb  stc1000p.o [1]
_A_PD_IDR               0x005010    0x1  Data  Gb  stc1000p.o [1]
_A_PD_ODR               0x00500f    0x1  Data  Gb  stc1000p.o [1]
_A_RST_SR               0x0050b3    0x1  Data  Gb  stc1000p.o [1]
_A_TIM2_CR1             0x005300    0x1  Data  Gb  stc1000p.o [1]
_A_TIM2_IER             0x005303    0x1  Data  Gb  stc1000p.o [1]
_A_TIM2_PSCR            0x00530e    0x1  Data  Gb  stc1000p.o [1]
_A_TIM2_SR1             0x005304    0x1  Data  Gb  stc1000p.o [1]
__DebugBreak            0x009f07    0x1  Code  Gb  __dbg_break.o [3]
__exit                  0x009e86   0x14  Code  Gb  __dbg_xxexit.o [3]
__iar_copy_init2        0x009d84         Code  Gb  init_small.o [4]
__iar_data_init2        0x009e5a   0x17  Code  Gb  init.o [4]
__iar_program_start     0x009e9a         Code  Gb  cstartup.o [4]
__iar_unhandled_exception
                        0x009f04         Code  Gb  unhandled_exception.o [4]
__iar_zero_init2        0x009e0a         Code  Gb  init_small.o [4]
__intvec                0x008000         Data  Gb  interrupt.o [4]
__low_level_init        0x009efe    0x3  Code  Gb  low_level_init.o [4]
_buttons                0x0000c9    0x1  Data  Gb  stc1000p_lib.o [1]
_exit                   0x009ef6         Code  Gb  cexit.o [4]
_interrupt_15           0x009a35         Code  Gb  stc1000p.o [1]
ad_ch                   0x0000ba    0x1  Data  Gb  stc1000p.o [1]
ad_err1                 0x0000b6    0x1  Data  Gb  stc1000p.o [1]
ad_err2                 0x0000b7    0x1  Data  Gb  stc1000p.o [1]
ad_lookup_c             0x009c59   0x40  Data  Gb  adc.o [1]
ad_lookup_f             0x009c19   0x40  Data  Gb  adc.o [1]
ad_ntc1                 0x000010    0x2  Data  Gb  stc1000p.o [1]
ad_ntc2                 0x000012    0x2  Data  Gb  stc1000p.o [1]
ad_to_temp              0x009360   0xb9  Code  Gb  adc.o [1]
adc_task                0x0094d1   0xb5  Code  Gb  stc1000p.o [1]
add_task                0x008b07  0x161  Code  Gb  scheduler.o [1]
check_config_value      0x0089b9  0x14e  Code  Gb  stc1000p_lib.o [1]
config_item             0x0000c7    0x1  Data  Gb  stc1000p_lib.o [1]
config_value            0x0000a8    0x2  Data  Gb  stc1000p_lib.o [1]
cooling_delay           0x000017    0x2  Data  Gb  stc1000p_lib.o [1]
ctrl_task               0x0086ad  0x17d  Code  Gb  stc1000p.o [1]
curr_dur                0x0000ac    0x2  Data  Gb  stc1000p_lib.o [1]
dispatch_tasks          0x009626   0x96  Code  Gb  scheduler.o [1]
divu10                  0x009b84   0x4b  Code  Gb  stc1000p_lib.o [1]
eedata                  0x004000   0x80  Data  Gb  stc1000p_lib.o [1]
eeprom_read_config      0x009d5c   0x28  Code  Gb  eep.o [1]
eeprom_write_config     0x009ae5   0x53  Code  Gb  eep.o [1]
exit                    0x009f01    0x3  Code  Gb  exit.o [4]
fahrenheit              0x0000c4    0x1  Data  Gb  stc1000p_lib.o [1]
heating_delay           0x000019    0x2  Data  Gb  stc1000p_lib.o [1]
hysteresis              0x0000b0    0x2  Data  Gb  stc1000p_lib.o [1]
hysteresis2             0x0000b2    0x2  Data  Gb  stc1000p_lib.o [1]
init_pid                0x0096bc   0x94  Code  Gb  pid.o [1]
init_temp_delays        0x009750   0x8e  Code  Gb  stc1000p_lib.o [1]
initialise_system_clock
                        0x009bcf   0x4a  Code  Gb  stc1000p.o [1]
kc                      0x000092    0x2  Data  Gb  pid.o [1]
kd                      0x00008a    0x4  Data  Gb  pid.o [1]
key_held_tmr            0x0000ca    0x1  Data  Gb  stc1000p_lib.o [1]
ki                      0x000086    0x4  Data  Gb  pid.o [1]
led_01                  0x0000a6    0x2  Data  Gb  stc1000p_lib.o [1]
led_1                   0x0000a4    0x2  Data  Gb  stc1000p_lib.o [1]
led_10                  0x0000a2    0x2  Data  Gb  stc1000p_lib.o [1]
led_e                   0x0000a0    0x2  Data  Gb  stc1000p_lib.o [1]
led_lookup              0x009ee2    0xa  Data  Gb  stc1000p_lib.o [1]
m_countdown             0x0000c8    0x1  Data  Gb  stc1000p_lib.o [1]
main                    0x0097de   0x88  Code  Gb  stc1000p.o [1]
max_tasks               0x0000b5    0x1  Data  Gb  scheduler.o [1]
menu                    0x009b38   0x4c  Data  Gb  stc1000p_lib.o [1]
menu_fsm                0x008080  0x62d  Code  Gb  stc1000p_lib.o [1]
menu_is_idle            0x00001b    0x1  Data  Gb  stc1000p_lib.o [1]
menu_item               0x0000c6    0x1  Data  Gb  stc1000p_lib.o [1]
menustate               0x0000c3    0x1  Data  Gb  stc1000p_lib.o [1]
min_to_sec              0x009e28   0x1a  Code  Gb  stc1000p_lib.o [1]
minutes                 0x0000c5    0x1  Data  Gb  stc1000p_lib.o [1]
mpx_nr                  0x0000bb    0x1  Data  Gb  stc1000p.o [1]
multiplexer             0x009419   0xb8  Code  Gb  stc1000p.o [1]
pid_control             0x008c68  0x15c  Code  Gb  stc1000p_lib.o [1]
pid_ctrl                0x009586   0xa0  Code  Gb  pid.o [1]
pid_out                 0x0000ae    0x2  Data  Gb  stc1000p_lib.o [1]
pid_to_time             0x009866   0x7c  Code  Gb  stc1000p.o [1]
portb                   0x0000bd    0x1  Data  Gb  stc1000p.o [1]
portc                   0x0000be    0x1  Data  Gb  stc1000p.o [1]
portd                   0x0000bf    0x1  Data  Gb  stc1000p.o [1]
portd_leds              0x0000bc    0x1  Data  Gb  stc1000p.o [1]
pp                      0x00008e    0x4  Data  Gb  pid.o [1]
prfl_task               0x009dac   0x26  Code  Gb  stc1000p.o [1]
probe2                  0x0000b8    0x1  Data  Gb  stc1000p.o [1]
prx_to_led              0x0098eb   0x7a  Code  Gb  stc1000p_lib.o [1]
pwr_on                  0x00001c    0x1  Data  Gb  stc1000p_lib.o [1]
pwr_on_tmr              0x000014    0x2  Data  Gb  stc1000p.o [1]
range                   0x0089a1   0x18  Code  Gb  stc1000p_lib.o [1]
read_adc                0x009965   0x74  Code  Gb  adc.o [1]
read_buttons            0x0099d9   0x5c  Code  Gb  stc1000p_lib.o [1]
restore_display_state   0x009c99   0x37  Code  Gb  stc1000p.o [1]
save_display_state      0x009d33   0x29  Code  Gb  stc1000p.o [1]
scheduler_isr           0x0092a6   0xba  Code  Gb  scheduler.o [1]
sensor2_selected        0x0000cb    0x1  Data  Gb  stc1000p_lib.o [1]
setpoint                0x0000aa    0x2  Data  Gb  stc1000p_lib.o [1]
setup_output_ports      0x009a8e   0x57  Code  Gb  stc1000p.o [1]
setup_timer2            0x009e71   0x15  Code  Gb  stc1000p.o [1]
show_sa_alarm           0x0000b9    0x1  Data  Gb  stc1000p.o [1]
std_task                0x0098e2    0x9  Code  Gb  stc1000p.o [1]
strncpy                 0x009d05   0x2e  Code  Gb  strncpy.o [4]
task_list               0x00001d   0x69  Data  Gb  scheduler.o [1]
td                      0x000096    0x2  Data  Gb  pid.o [1]
temp_ntc1               0x00009c    0x2  Data  Gb  stc1000p.o [1]
temp_ntc2               0x00009e    0x2  Data  Gb  stc1000p.o [1]
temperature_control     0x009055  0x147  Code  Gb  stc1000p_lib.o [1]
ti                      0x000094    0x2  Data  Gb  pid.o [1]
ts                      0x0000b4    0x1  Data  Gb  pid.o [1]
update_profile          0x008f0d  0x148  Code  Gb  stc1000p_lib.o [1]
value_to_led            0x00919c  0x10a  Code  Gb  stc1000p_lib.o [1]
yk_1                    0x000098    0x2  Data  Gb  pid.o [1]
yk_2                    0x00009a    0x2  Data  Gb  pid.o [1]


[1] = D:\Dropbox\Programming\Github\stc1000_stm8\src\Debug\Obj
[2] = command line
[3] = dbgstm8smd.a
[4] = dlstm8smn.a

  7 531 bytes of readonly  code memory
    541 bytes of readonly  data memory
    461 bytes of readwrite data memory (+ 42 absolute)

Errors: none
Warnings: none
