###############################################################################
#
# IAR ELF Linker V2.20.1.176 for STM8                     02/Dec/2016  14:06:14
# Copyright 2010-2015 IAR Systems AB.
#
#    Output file  =  
#        D:\Dropbox\Programming\Github\stc1000_stm8\src\Debug\Exe\stc1000p.out
#    Map file     =  
#        D:\Dropbox\Programming\Github\stc1000_stm8\src\Debug\List\stc1000p.map
#    Command line =  
#        D:\Dropbox\Programming\Github\stc1000_stm8\src\Debug\Obj\adc.o
#        D:\Dropbox\Programming\Github\stc1000_stm8\src\Debug\Obj\eep.o
#        D:\Dropbox\Programming\Github\stc1000_stm8\src\Debug\Obj\pid.o
#        D:\Dropbox\Programming\Github\stc1000_stm8\src\Debug\Obj\scheduler.o
#        D:\Dropbox\Programming\Github\stc1000_stm8\src\Debug\Obj\stc1000p.o
#        D:\Dropbox\Programming\Github\stc1000_stm8\src\Debug\Obj\stc1000p_lib.o
#        --redirect _Printf=_PrintfFullNoMb --redirect _Scanf=_ScanfFullNoMb -o
#        D:\Dropbox\Programming\Github\stc1000_stm8\src\Debug\Exe\stc1000p.out
#        --map
#        D:\Dropbox\Programming\Github\stc1000_stm8\src\Debug\List\stc1000p.map
#        --config "C:\Program Files (x86)\IAR Systems\Embedded Workbench
#        7.3\stm8\config\lnkstm8s003f3.icf" --config_def _CSTACK_SIZE=0x100
#        --config_def _HEAP_SIZE=0x100 --entry __iar_program_start --debug_lib
#
###############################################################################

*******************************************************************************
*** RUNTIME MODEL ATTRIBUTES
***

__SystemLibrary            = DLib
__code_model               = small
__core                     = stm8
__data_model               = medium
__dlib_file_descriptor     = 0
__dlib_full_locale_support = 0
__rt_version               = 4


*******************************************************************************
*** PLACEMENT SUMMARY
***

"A1":  place at start of [0x000000-0x0000ff] { rw section .vregs };
"A2":  place at end of [0x000000-0x0003ff] { block CSTACK };
"P2":  place in [from 0x000000 to 0x0003ff] {
          block HEAP, rw section __DLIB_PERTHREAD, rw section .far.bss,
          rw section .far.data, rw section .far.noinit,
          rw section .far_func.textrw, rw section .huge.bss,
          rw section .huge.data, rw section .huge.noinit,
          rw section .huge_func.textrw, rw section .iar.dynexit,
          rw section .near.bss, rw section .near.data, rw section .near.noinit,
          rw section .near_func.textrw };
"A3":  place at start of [0x008000-0x009fff] { block INTVEC };
"P3":  place in [from 0x008000 to 0x009fff] {
          ro section __DLIB_PERTHREAD_init, ro section .far.data_init,
          ro section .far_func.textrw_init, ro section .huge.data_init,
          ro section .huge_func.textrw_init, ro section .iar.init_table,
          ro section .init_array, ro section .near.data_init,
          ro section .near.rodata, ro section .near_func.text,
          ro section .near_func.textrw_init, ro section .tiny.data_init,
          ro section .tiny.rodata_init };
"P8":  place in [from 0x004000 to 0x00407f] { section .eeprom.rodata };

  Section            Kind      Address    Size  Object
  -------            ----      -------    ----  ------
"A1":                                     0x10
  .vregs             uninit   0x000000    0x10  vregs.o [4]
                            - 0x000010    0x10

"P2", part 1 of 2:                         0xd
  P2-1                        0x000010     0xd  <Init block>
    .near.data       inited   0x000010     0x2  stc1000p.o [1]
    .near.data       inited   0x000012     0x2  stc1000p.o [1]
    .near.data       inited   0x000014     0x2  stc1000p.o [1]
    .near.data       inited   0x000016     0x1  stc1000p.o [1]
    .near.data       inited   0x000017     0x2  stc1000p_lib.o [1]
    .near.data       inited   0x000019     0x2  stc1000p_lib.o [1]
    .near.data       inited   0x00001b     0x1  stc1000p_lib.o [1]
    .near.data       inited   0x00001c     0x1  stc1000p_lib.o [1]
                            - 0x00001d     0xd

"P2", part 2 of 2:                        0x97
  .near.bss          zero     0x00001d    0x54  scheduler.o [1]
  .near.bss          zero     0x000071     0x4  pid.o [1]
  .near.bss          zero     0x000075     0x4  pid.o [1]
  .near.bss          zero     0x000079     0x4  pid.o [1]
  .near.bss          zero     0x00007d     0x2  pid.o [1]
  .near.bss          zero     0x00007f     0x2  pid.o [1]
  .near.bss          zero     0x000081     0x2  pid.o [1]
  .near.bss          zero     0x000083     0x2  pid.o [1]
  .near.bss          zero     0x000085     0x2  pid.o [1]
  .near.bss          zero     0x000087     0x2  stc1000p.o [1]
  .near.bss          zero     0x000089     0x2  stc1000p.o [1]
  .near.bss          zero     0x00008b     0x2  stc1000p_lib.o [1]
  .near.bss          zero     0x00008d     0x2  stc1000p_lib.o [1]
  .near.bss          zero     0x00008f     0x2  stc1000p_lib.o [1]
  .near.bss          zero     0x000091     0x2  stc1000p_lib.o [1]
  .near.bss          zero     0x000093     0x2  stc1000p_lib.o [1]
  .near.bss          zero     0x000095     0x2  stc1000p_lib.o [1]
  .near.bss          zero     0x000097     0x1  pid.o [1]
  .near.bss          zero     0x000098     0x1  scheduler.o [1]
  .near.bss          zero     0x000099     0x1  stc1000p.o [1]
  .near.bss          zero     0x00009a     0x1  stc1000p.o [1]
  .near.bss          zero     0x00009b     0x1  stc1000p.o [1]
  .near.bss          zero     0x00009c     0x1  stc1000p.o [1]
  .near.bss          zero     0x00009d     0x1  stc1000p.o [1]
  .near.bss          zero     0x00009e     0x1  stc1000p.o [1]
  .near.bss          zero     0x00009f     0x1  stc1000p.o [1]
  .near.bss          zero     0x0000a0     0x1  stc1000p.o [1]
  .near.bss          zero     0x0000a1     0x1  stc1000p.o [1]
  .near.bss          zero     0x0000a2     0x1  stc1000p.o [1]
  .near.bss          zero     0x0000a3     0x1  stc1000p.o [1]
  .near.bss          zero     0x0000a4     0x1  stc1000p.o [1]
  .near.bss          zero     0x0000a5     0x1  stc1000p.o [1]
  .near.bss          zero     0x0000a6     0x1  stc1000p_lib.o [1]
  .near.bss          zero     0x0000a7     0x1  stc1000p_lib.o [1]
  .near.bss          zero     0x0000a8     0x1  stc1000p_lib.o [1]
  .near.bss          zero     0x0000a9     0x1  stc1000p_lib.o [1]
  .near.bss          zero     0x0000aa     0x1  stc1000p_lib.o [1]
  .near.bss          zero     0x0000ab     0x1  stc1000p_lib.o [1]
  .near.bss          zero     0x0000ac     0x1  stc1000p_lib.o [1]
  .near.bss          zero     0x0000ad     0x1  stc1000p_lib.o [1]
  .near.bss          zero     0x0000ae     0x1  stc1000p_lib.o [1]
  .near.bss          zero     0x0000af     0x1  stc1000p_lib.o [1]
  .near.bss          zero     0x0000b0     0x1  stc1000p_lib.o [1]
  .near.bss          zero     0x0000b1     0x1  stc1000p_lib.o [1]
  .near.bss          zero     0x0000b2     0x1  stc1000p_lib.o [1]
  .near.bss          zero     0x0000b3     0x1  stc1000p_lib.o [1]
                            - 0x0000b4    0x97

"A2":                                    0x100
  CSTACK                      0x000300   0x100  <Block>
    CSTACK           uninit   0x000300   0x100  <Block tail>
                            - 0x000400   0x100

"P8":                                     0x80
  .eeprom.rodata     const    0x004000    0x80  stc1000p_lib.o [1]
                            - 0x004080    0x80

Absolute sections, part 1 of 15:           0x4
  .near.noinit       uninit   0x005000     0x1  stc1000p_lib.o [1]
  .near.noinit       uninit   0x005001     0x1  stc1000p_lib.o [1]
  .near.noinit       uninit   0x005002     0x1  stc1000p.o [1]
  .near.noinit       uninit   0x005003     0x1  stc1000p.o [1]
                            - 0x005004     0x4

Absolute sections, part 2 of 15:           0x4
  .near.noinit       uninit   0x005005     0x1  stc1000p.o [1]
  .near.noinit       uninit   0x005006     0x1  stc1000p.o [1]
  .near.noinit       uninit   0x005007     0x1  stc1000p.o [1]
  .near.noinit       uninit   0x005008     0x1  stc1000p.o [1]
                            - 0x005009     0x4

Absolute sections, part 3 of 15:           0x4
  .near.noinit       uninit   0x00500a     0x1  stc1000p.o [1]
  .near.noinit       uninit   0x00500b     0x1  stc1000p_lib.o [1]
  .near.noinit       uninit   0x00500c     0x1  stc1000p_lib.o [1]
  .near.noinit       uninit   0x00500d     0x1  stc1000p_lib.o [1]
                            - 0x00500e     0x4

Absolute sections, part 4 of 15:           0x4
  .near.noinit       uninit   0x00500f     0x1  stc1000p.o [1]
  .near.noinit       uninit   0x005010     0x1  stc1000p.o [1]
  .near.noinit       uninit   0x005011     0x1  stc1000p.o [1]
  .near.noinit       uninit   0x005012     0x1  stc1000p.o [1]
                            - 0x005013     0x4

Absolute sections, part 5 of 15:           0x1
  .near.noinit       uninit   0x00505f     0x1  eep.o [1]
                            - 0x005060     0x1

Absolute sections, part 6 of 15:           0x1
  .near.noinit       uninit   0x005064     0x1  eep.o [1]
                            - 0x005065     0x1

Absolute sections, part 7 of 15:           0x1
  .near.noinit       uninit   0x0050b3     0x1  stc1000p.o [1]
                            - 0x0050b4     0x1

Absolute sections, part 8 of 15:           0x1
  .near.noinit       uninit   0x0050c0     0x1  stc1000p.o [1]
                            - 0x0050c1     0x1

Absolute sections, part 9 of 15:           0x3
  .near.noinit       uninit   0x0050c4     0x1  stc1000p.o [1]
  .near.noinit       uninit   0x0050c5     0x1  stc1000p.o [1]
  .near.noinit       uninit   0x0050c6     0x1  stc1000p.o [1]
                            - 0x0050c7     0x3

Absolute sections, part 10 of 15:          0x1
  .near.noinit       uninit   0x0050cd     0x1  stc1000p.o [1]
                            - 0x0050ce     0x1

Absolute sections, part 11 of 15:          0x1
  .near.noinit       uninit   0x005300     0x1  stc1000p.o [1]
                            - 0x005301     0x1

Absolute sections, part 12 of 15:          0x2
  .near.noinit       uninit   0x005303     0x1  stc1000p.o [1]
  .near.noinit       uninit   0x005304     0x1  stc1000p.o [1]
                            - 0x005305     0x2

Absolute sections, part 13 of 15:          0x3
  .near.noinit       uninit   0x00530e     0x1  stc1000p.o [1]
  .near.noinit       uninit   0x00530f     0x1  stc1000p.o [1]
  .near.noinit       uninit   0x005310     0x1  stc1000p.o [1]
                            - 0x005311     0x3

Absolute sections, part 14 of 15:          0x6
  .near.noinit       uninit   0x005400     0x1  adc.o [1]
  .near.noinit       uninit   0x005401     0x1  stc1000p.o [1]
  .near.noinit       uninit   0x005402     0x1  adc.o [1]
  .near.noinit       uninit   0x005403     0x1  adc.o [1]
  .near.noinit       uninit   0x005404     0x1  adc.o [1]
  .near.noinit       uninit   0x005405     0x1  adc.o [1]
                            - 0x005406     0x6

Absolute sections, part 15 of 15:          0x1
  .near.noinit       uninit   0x005407     0x1  adc.o [1]
                            - 0x005408     0x1

"A3":                                     0x80
  INTVEC                      0x008000    0x80  <Block>
    .intvec          const    0x008000    0x80  interrupt.o [4]
                            - 0x008080    0x80

"P3":                                   0x1c8a
  .near_func.text    ro code  0x008080   0x5ea  stc1000p_lib.o [1]
  .near_func.text    ro code  0x00866a   0x177  long.o [4]
  .near_func.text    ro code  0x0087e1   0x173  stc1000p.o [1]
  .near_func.text    ro code  0x008954   0x166  stc1000p_lib.o [1]
  .near_func.text    ro code  0x008aba   0x161  scheduler.o [1]
  .near_func.text    ro code  0x008c1b   0x149  vreg_util.o [4]
  .near_func.text    ro code  0x008d64   0x148  stc1000p_lib.o [1]
  .near_func.text    ro code  0x008eac    0xf1  stc1000p_lib.o [1]
  .near_func.text    ro code  0x008f9d    0xea  stc1000p_lib.o [1]
  .near_func.text    ro code  0x009087    0xba  scheduler.o [1]
  .near_func.text    ro code  0x009141    0xb9  adc.o [1]
  .near_func.text    ro code  0x0091fa    0xb8  stc1000p.o [1]
  .near_func.text    ro code  0x0092b2    0xb5  stc1000p.o [1]
  .near_func.text    ro code  0x009367    0xb4  stc1000p_lib.o [1]
  .near_func.text    ro code  0x00941b    0xa0  pid.o [1]
  .near_func.text    ro code  0x0094bb    0x96  scheduler.o [1]
  .near_func.text    ro code  0x009551    0x94  pid.o [1]
  .near_func.text    ro code  0x0095e5    0x88  stc1000p.o [1]
  .near_func.text    ro code  0x00966d    0x85  stc1000p.o [1]
  .near_func.text    ro code  0x0096f2    0x74  adc.o [1]
  .near_func.text    ro code  0x009766    0x5c  stc1000p_lib.o [1]
  .near_func.text    ro code  0x0097c2    0x59  stc1000p.o [1]
  .near_func.text    ro code  0x00981b    0x57  stc1000p.o [1]
  .near_func.text    ro code  0x009872    0x54  stc1000p_lib.o [1]
  .near_func.text    ro code  0x0098c6    0x53  eep.o [1]
  .near.rodata       const    0x009919    0x4c  stc1000p_lib.o [1]
  .near_func.text    ro code  0x009965    0x4b  stc1000p_lib.o [1]
  .near.rodata       const    0x0099b0    0x40  adc.o [1]
  .near.rodata       const    0x0099f0    0x40  adc.o [1]
  .near_func.text    ro code  0x009a30    0x39  stc1000p_lib.o [1]
  .near_func.text    ro code  0x009a69    0x37  stc1000p.o [1]
  .near_func.text    ro code  0x009aa0    0x36  stc1000p.o [1]
  .near_func.text    ro code  0x009ad6    0x31  short.o [4]
  .near_func.text    ro code  0x009b07    0x2e  strncpy.o [4]
  .near_func.text    ro code  0x009b35    0x29  stc1000p.o [1]
  .near_func.text    ro code  0x009b5e    0x28  eep.o [1]
  .near_func.text    ro code  0x009b86    0x28  init_small.o [4]
  .near_func.text    ro code  0x009bae    0x26  stc1000p.o [1]
  .near_func.text    ro code  0x009bd4    0x26  long_util.o [4]
  .iar.init_table    const    0x009bfa    0x12  - Linker created -
  .near_func.text    ro code  0x009c0c    0x1e  init_small.o [4]
  .near_func.text    ro code  0x009c2a    0x1a  stc1000p_lib.o [1]
  .near_func.text    ro code  0x009c44    0x18  stc1000p_lib.o [1]
  .near_func.text    ro code  0x009c5c    0x18  dc_util.o [4]
  .near_func.text    ro code  0x009c74    0x17  init.o [4]
  .near_func.text    ro code  0x009c8b    0x15  stc1000p.o [1]
  .near_func.text    ro code  0x009ca0    0x14  __dbg_xxexit.o [3]
  .near_func.text    ro code  0x009cb4    0x13  cstartup.o [4]
  Initializer bytes  const    0x009cc7     0xd  <for P2-1>
  .near.rodata       const    0x009cd4     0xa  stc1000p_lib.o [1]
  .near_func.text    ro code  0x009cde     0xa  strncpy.o [4]
  .near_func.text    ro code  0x009ce8     0x5  cexit.o [4]
  .near.rodata       const    0x009ced     0x4  stc1000p.o [1]
  .near.rodata       const    0x009cf1     0x4  stc1000p.o [1]
  .near.rodata       const    0x009cf5     0x4  stc1000p.o [1]
  .near.rodata       const    0x009cf9     0x4  stc1000p.o [1]
  .near_func.text    ro code  0x009cfd     0x3  interrupt.o [4]
  .near_func.text    ro code  0x009d00     0x3  low_level_init.o [4]
  .near_func.text    ro code  0x009d03     0x3  exit.o [4]
  .near_func.text    ro code  0x009d06     0x3  unhandled_exception.o [4]
  .near_func.text    ro code  0x009d09     0x1  __dbg_break.o [3]
                            - 0x009d0a  0x1c8a


*******************************************************************************
*** INIT TABLE
***

          Address   Size
          -------   ----
Zero (__iar_zero_init2)
    1 destination range, total size 0x97:
          0x00001d  0x97

Copy (__iar_copy_init2)
    1 source range, total size 0xd:
          0x009cc7   0xd
    1 destination range, total size 0xd:
          0x000010   0xd



*******************************************************************************
*** MODULE SUMMARY
***

    Module                 ro code  ro data  rw data  rw data
                                                       (abs)
    ------                 -------  -------  -------  -------
D:\Dropbox\Programming\Github\stc1000_stm8\src\Debug\Obj: [1]
    adc.o                      301      128                 6
    eep.o                      123                          2
    pid.o                      308                23
    scheduler.o                689                85
    stc1000p.o               1 390       23       24       24
    stc1000p_lib.o           3 213      220       32        5
    ---------------------------------------------------------
    Total:                   6 024      371      164       37

command line: [2]
    ---------------------------------------------------------
    Total:

dbgstm8smd.a: [3]
    __dbg_break.o                1
    __dbg_xxexit.o              20
    ---------------------------------------------------------
    Total:                      21

dlstm8smn.a: [4]
    cexit.o                      5
    cstartup.o                  19
    dc_util.o                   24
    exit.o                       3
    init.o                      23
    init_small.o                70
    interrupt.o                  3      128
    long.o                     375
    long_util.o                 38
    low_level_init.o             3
    short.o                     49
    strncpy.o                   56
    unhandled_exception.o        3
    vreg_util.o                329
    vregs.o                                       16
    ---------------------------------------------------------
    Total:                   1 000      128       16

    Linker created                       18      256
-------------------------------------------------------------
    Grand Total:             7 045      517      436       37


*******************************************************************************
*** ENTRY LIST
***

Entry                    Address   Size  Type      Object
-----                    -------   ----  ----      ------
.iar.init_table$$Base   0x009bfa          --   Gb  - Linker created -
.iar.init_table$$Limit  0x009c0c          --   Gb  - Linker created -
?add32_l0_l0_0x         0x00866d         Code  Gb  long.o [4]
?add32_l0_l0_l1         0x00866a         Code  Gb  long.o [4]
?b0                     0x000000         Data  Gb  vregs.o [4]
?b1                     0x000001         Data  Gb  vregs.o [4]
?b10                    0x00000a         Data  Gb  vregs.o [4]
?b11                    0x00000b         Data  Gb  vregs.o [4]
?b12                    0x00000c         Data  Gb  vregs.o [4]
?b13                    0x00000d         Data  Gb  vregs.o [4]
?b14                    0x00000e         Data  Gb  vregs.o [4]
?b15                    0x00000f         Data  Gb  vregs.o [4]
?b2                     0x000002         Data  Gb  vregs.o [4]
?b3                     0x000003         Data  Gb  vregs.o [4]
?b4                     0x000004         Data  Gb  vregs.o [4]
?b5                     0x000005         Data  Gb  vregs.o [4]
?b6                     0x000006         Data  Gb  vregs.o [4]
?b7                     0x000007         Data  Gb  vregs.o [4]
?b8                     0x000008         Data  Gb  vregs.o [4]
?b9                     0x000009         Data  Gb  vregs.o [4]
?dc32_l1                0x009c5c         Code  Gb  dc_util.o [4]
?dc32_px                0x009c69         Code  Gb  dc_util.o [4]
?e0                     0x000001         Data  Gb  vregs.o [4]
?e1                     0x000005         Data  Gb  vregs.o [4]
?e2                     0x000009         Data  Gb  vregs.o [4]
?e3                     0x00000d         Data  Gb  vregs.o [4]
?epilogue_l2            0x008cdc         Code  Gb  vreg_util.o [4]
?epilogue_l2_l3         0x008cd9         Code  Gb  vreg_util.o [4]
?epilogue_w4            0x008ce0         Code  Gb  vreg_util.o [4]
?l0                     0x000000         Data  Gb  vregs.o [4]
?l1                     0x000004         Data  Gb  vregs.o [4]
?l2                     0x000008         Data  Gb  vregs.o [4]
?l3                     0x00000c         Data  Gb  vregs.o [4]
?load32_0x_l0           0x009bec         Code  Gb  long_util.o [4]
?load32_l0_0x           0x009bd4         Code  Gb  long_util.o [4]
?load32_l1_0x           0x009be0         Code  Gb  long_util.o [4]
?mov_e0_e1              0x008d18         Code  Gb  vreg_util.o [4]
?mov_e0_e3              0x008d2c         Code  Gb  vreg_util.o [4]
?mov_e1_e0              0x008d39         Code  Gb  vreg_util.o [4]
?mov_e1_e3              0x008d4d         Code  Gb  vreg_util.o [4]
?mov_e3_e0              0x008d5a         Code  Gb  vreg_util.o [4]
?mov_l0_l1              0x008d15         Code  Gb  vreg_util.o [4]
?mov_l0_l3              0x008d29         Code  Gb  vreg_util.o [4]
?mov_l1_l0              0x008d36         Code  Gb  vreg_util.o [4]
?mov_l1_l3              0x008d4a         Code  Gb  vreg_util.o [4]
?mov_l3_l0              0x008d57         Code  Gb  vreg_util.o [4]
?mov_w0_w1              0x008ce4         Code  Gb  vreg_util.o [4]
?mov_w0_w2              0x008ceb         Code  Gb  vreg_util.o [4]
?mov_w1_w0              0x008cf2         Code  Gb  vreg_util.o [4]
?mov_w1_w3              0x008d1b         Code  Gb  vreg_util.o [4]
?mov_w1_w5              0x008d22         Code  Gb  vreg_util.o [4]
?mov_w1_w6              0x008cf9         Code  Gb  vreg_util.o [4]
?mov_w1_w7              0x008d2f         Code  Gb  vreg_util.o [4]
?mov_w3_w1              0x008d3c         Code  Gb  vreg_util.o [4]
?mov_w3_w5              0x008d43         Code  Gb  vreg_util.o [4]
?mov_w3_w7              0x008d50         Code  Gb  vreg_util.o [4]
?mov_w4_w0              0x008d00         Code  Gb  vreg_util.o [4]
?mov_w6_w1              0x008d07         Code  Gb  vreg_util.o [4]
?mov_w7_w0              0x008d0e         Code  Gb  vreg_util.o [4]
?mov_w7_w1              0x008d5d         Code  Gb  vreg_util.o [4]
?mul16_x_x_w0           0x009ad6         Code  Gb  short.o [4]
?mul32_l0_l0_0x         0x008688         Code  Gb  long.o [4]
?mul32_l0_l0_dl         0x008685         Code  Gb  long.o [4]
?mul32_l0_l0_l1         0x008691         Code  Gb  long.o [4]
?pop_e2                 0x008c5a         Code  Gb  vreg_util.o [4]
?pop_l0                 0x008ca5         Code  Gb  vreg_util.o [4]
?pop_l1                 0x008cb0         Code  Gb  vreg_util.o [4]
?pop_l2                 0x008cbb         Code  Gb  vreg_util.o [4]
?pop_l3                 0x008cc6         Code  Gb  vreg_util.o [4]
?pop_w4                 0x008c33         Code  Gb  vreg_util.o [4]
?push_e2                0x008c42         Code  Gb  vreg_util.o [4]
?push_l0                0x008c74         Code  Gb  vreg_util.o [4]
?push_l1                0x008c79         Code  Gb  vreg_util.o [4]
?push_l2                0x008c7e         Code  Gb  vreg_util.o [4]
?push_l3                0x008c83         Code  Gb  vreg_util.o [4]
?push_w4                0x008c1b         Code  Gb  vreg_util.o [4]
?sdiv32_l0_l0_dl        0x00877c         Code  Gb  long.o [4]
?sdiv32_l0_l0_l1        0x00877f         Code  Gb  long.o [4]
?sext32_l0_x            0x0087d6         Code  Gb  long.o [4]
?sll16_x_x_4            0x009af6         Code  Gb  short.o [4]
?sll16_x_x_5            0x009af5         Code  Gb  short.o [4]
?sll16_x_x_6            0x009af4         Code  Gb  short.o [4]
?smod32_l1_l0_l1        0x00877f         Code  Gb  long.o [4]
?sra32_0x_0x_a          0x0087c8         Code  Gb  long.o [4]
?sra32_l0_l0_a          0x0087c5         Code  Gb  long.o [4]
?srl16_x_x_10           0x009afc         Code  Gb  short.o [4]
?srl16_x_x_11           0x009afb         Code  Gb  short.o [4]
?srl16_x_x_4            0x009b02         Code  Gb  short.o [4]
?srl16_x_x_5            0x009b01         Code  Gb  short.o [4]
?srl16_x_x_6            0x009b00         Code  Gb  short.o [4]
?srl16_x_x_7            0x009aff         Code  Gb  short.o [4]
?srl16_x_x_8            0x009afe         Code  Gb  short.o [4]
?srl16_x_x_9            0x009afd         Code  Gb  short.o [4]
?udiv32_l0_l0_l1        0x00870f         Code  Gb  long.o [4]
?umod32_l1_l0_l1        0x00870f         Code  Gb  long.o [4]
?w0                     0x000000         Data  Gb  vregs.o [4]
?w1                     0x000002         Data  Gb  vregs.o [4]
?w2                     0x000004         Data  Gb  vregs.o [4]
?w3                     0x000006         Data  Gb  vregs.o [4]
?w4                     0x000008         Data  Gb  vregs.o [4]
?w5                     0x00000a         Data  Gb  vregs.o [4]
?w6                     0x00000c         Data  Gb  vregs.o [4]
?w7                     0x00000e         Data  Gb  vregs.o [4]
ADC_DRH                 0x005404    0x1  Data  Gb  adc.o [1]
ADC_DRL                 0x005405    0x1  Data  Gb  adc.o [1]
ADC_TDRL                0x005407    0x1  Data  Gb  adc.o [1]
CLK_SWR                 0x0050c4    0x1  Data  Gb  stc1000p.o [1]
CSTACK$$Base            0x000300          --   Gb  - Linker created -
CSTACK$$Limit           0x000400          --   Gb  - Linker created -
FLASH_DUKR              0x005064    0x1  Data  Gb  eep.o [1]
INTVEC$$Base            0x008000          --   Gb  - Linker created -
INTVEC$$Limit           0x008080          --   Gb  - Linker created -
Region$$Table$$Base     0x009bfa          --   Gb  - Linker created -
Region$$Table$$Limit    0x009c0c          --   Gb  - Linker created -
TIM2_ARRH               0x00530f    0x1  Data  Gb  stc1000p.o [1]
TIM2_ARRL               0x005310    0x1  Data  Gb  stc1000p.o [1]
TIM2_UPD_OVF_IRQHandler
                        0x0097c2   0x59  Code  Gb  stc1000p.o [1]
_A_ADC_CR1              0x005401    0x1  Data  Gb  stc1000p.o [1]
_A_ADC_CR2              0x005402    0x1  Data  Gb  adc.o [1]
_A_ADC_CR3              0x005403    0x1  Data  Gb  adc.o [1]
_A_ADC_CSR              0x005400    0x1  Data  Gb  adc.o [1]
_A_CLK_CKDIVR           0x0050c6    0x1  Data  Gb  stc1000p.o [1]
_A_CLK_ICKR             0x0050c0    0x1  Data  Gb  stc1000p.o [1]
_A_CLK_SWCR             0x0050c5    0x1  Data  Gb  stc1000p.o [1]
_A_CLK_SWIMCCR          0x0050cd    0x1  Data  Gb  stc1000p.o [1]
_A_FLASH_IAPSR          0x00505f    0x1  Data  Gb  eep.o [1]
_A_PA_CR1               0x005003    0x1  Data  Gb  stc1000p.o [1]
_A_PA_DDR               0x005002    0x1  Data  Gb  stc1000p.o [1]
_A_PA_IDR               0x005001    0x1  Data  Gb  stc1000p_lib.o [1]
_A_PA_ODR               0x005000    0x1  Data  Gb  stc1000p_lib.o [1]
_A_PB_CR1               0x005008    0x1  Data  Gb  stc1000p.o [1]
_A_PB_DDR               0x005007    0x1  Data  Gb  stc1000p.o [1]
_A_PB_IDR               0x005006    0x1  Data  Gb  stc1000p.o [1]
_A_PB_ODR               0x005005    0x1  Data  Gb  stc1000p.o [1]
_A_PC_CR1               0x00500d    0x1  Data  Gb  stc1000p_lib.o [1]
_A_PC_DDR               0x00500c    0x1  Data  Gb  stc1000p_lib.o [1]
_A_PC_IDR               0x00500b    0x1  Data  Gb  stc1000p_lib.o [1]
_A_PC_ODR               0x00500a    0x1  Data  Gb  stc1000p.o [1]
_A_PD_CR1               0x005012    0x1  Data  Gb  stc1000p.o [1]
_A_PD_DDR               0x005011    0x1  Data  Gb  stc1000p.o [1]
_A_PD_IDR               0x005010    0x1  Data  Gb  stc1000p.o [1]
_A_PD_ODR               0x00500f    0x1  Data  Gb  stc1000p.o [1]
_A_RST_SR               0x0050b3    0x1  Data  Gb  stc1000p.o [1]
_A_TIM2_CR1             0x005300    0x1  Data  Gb  stc1000p.o [1]
_A_TIM2_IER             0x005303    0x1  Data  Gb  stc1000p.o [1]
_A_TIM2_PSCR            0x00530e    0x1  Data  Gb  stc1000p.o [1]
_A_TIM2_SR1             0x005304    0x1  Data  Gb  stc1000p.o [1]
__DebugBreak            0x009d09    0x1  Code  Gb  __dbg_break.o [3]
__exit                  0x009ca0   0x14  Code  Gb  __dbg_xxexit.o [3]
__iar_copy_init2        0x009b86         Code  Gb  init_small.o [4]
__iar_data_init2        0x009c74   0x17  Code  Gb  init.o [4]
__iar_program_start     0x009cb4         Code  Gb  cstartup.o [4]
__iar_unhandled_exception
                        0x009d06         Code  Gb  unhandled_exception.o [4]
__iar_zero_init2        0x009c0c         Code  Gb  init_small.o [4]
__intvec                0x008000         Data  Gb  interrupt.o [4]
__low_level_init        0x009d00    0x3  Code  Gb  low_level_init.o [4]
_buttons                0x0000b0    0x1  Data  Gb  stc1000p_lib.o [1]
_exit                   0x009ce8         Code  Gb  cexit.o [4]
_interrupt_15           0x0097c2         Code  Gb  stc1000p.o [1]
ad_ch                   0x00009d    0x1  Data  Gb  stc1000p.o [1]
ad_err1                 0x000099    0x1  Data  Gb  stc1000p.o [1]
ad_err2                 0x00009a    0x1  Data  Gb  stc1000p.o [1]
ad_lookup_c             0x0099f0   0x40  Data  Gb  adc.o [1]
ad_lookup_f             0x0099b0   0x40  Data  Gb  adc.o [1]
ad_ntc1                 0x000010    0x2  Data  Gb  stc1000p.o [1]
ad_ntc2                 0x000012    0x2  Data  Gb  stc1000p.o [1]
ad_to_temp              0x009141   0xb9  Code  Gb  adc.o [1]
adc_task                0x0092b2   0xb5  Code  Gb  stc1000p.o [1]
add_task                0x008aba  0x161  Code  Gb  scheduler.o [1]
check_config_value      0x00896c  0x14e  Code  Gb  stc1000p_lib.o [1]
config_item             0x0000ae    0x1  Data  Gb  stc1000p_lib.o [1]
config_value            0x00008b    0x2  Data  Gb  stc1000p_lib.o [1]
cooling_delay           0x000017    0x2  Data  Gb  stc1000p_lib.o [1]
ctrl_task               0x0087e1  0x173  Code  Gb  stc1000p.o [1]
curr_dur                0x00008f    0x2  Data  Gb  stc1000p_lib.o [1]
dispatch_tasks          0x0094bb   0x96  Code  Gb  scheduler.o [1]
divu10                  0x009965   0x4b  Code  Gb  stc1000p_lib.o [1]
eedata                  0x004000   0x80  Data  Gb  stc1000p_lib.o [1]
eeprom_read_config      0x009b5e   0x28  Code  Gb  eep.o [1]
eeprom_write_config     0x0098c6   0x53  Code  Gb  eep.o [1]
enable_cooling          0x009c44   0x18  Code  Gb  stc1000p_lib.o [1]
enable_heating          0x008eac   0x18  Code  Gb  stc1000p_lib.o [1]
exit                    0x009d03    0x3  Code  Gb  exit.o [4]
fahrenheit              0x0000ab    0x1  Data  Gb  stc1000p_lib.o [1]
heating_delay           0x000019    0x2  Data  Gb  stc1000p_lib.o [1]
hysteresis              0x000093    0x2  Data  Gb  stc1000p_lib.o [1]
hysteresis2             0x000095    0x2  Data  Gb  stc1000p_lib.o [1]
init_pid                0x009551   0x94  Code  Gb  pid.o [1]
init_temp_delays        0x009a30   0x39  Code  Gb  stc1000p_lib.o [1]
initialise_system_clock
                        0x009aa0   0x36  Code  Gb  stc1000p.o [1]
kc                      0x00007d    0x2  Data  Gb  pid.o [1]
kd                      0x000075    0x4  Data  Gb  pid.o [1]
key_held_tmr            0x0000b1    0x1  Data  Gb  stc1000p_lib.o [1]
ki                      0x000071    0x4  Data  Gb  pid.o [1]
led_01                  0x0000a9    0x1  Data  Gb  stc1000p_lib.o [1]
led_1                   0x0000a8    0x1  Data  Gb  stc1000p_lib.o [1]
led_10                  0x0000a7    0x1  Data  Gb  stc1000p_lib.o [1]
led_e                   0x0000a6    0x1  Data  Gb  stc1000p_lib.o [1]
led_lookup              0x009cd4    0xa  Data  Gb  stc1000p_lib.o [1]
m_countdown             0x0000af    0x1  Data  Gb  stc1000p_lib.o [1]
main                    0x0095e5   0x88  Code  Gb  stc1000p.o [1]
max_tasks               0x000098    0x1  Data  Gb  scheduler.o [1]
menu                    0x009919   0x4c  Data  Gb  stc1000p_lib.o [1]
menu_fsm                0x008080  0x5ea  Code  Gb  stc1000p_lib.o [1]
menu_is_idle            0x00001b    0x1  Data  Gb  stc1000p_lib.o [1]
menu_item               0x0000ad    0x1  Data  Gb  stc1000p_lib.o [1]
menustate               0x0000aa    0x1  Data  Gb  stc1000p_lib.o [1]
min_to_sec              0x009c2a   0x1a  Code  Gb  stc1000p_lib.o [1]
minutes                 0x0000ac    0x1  Data  Gb  stc1000p_lib.o [1]
mpx_nr                  0x00009e    0x1  Data  Gb  stc1000p.o [1]
multiplexer             0x0091fa   0xb8  Code  Gb  stc1000p.o [1]
pid_control             0x008f9d   0xea  Code  Gb  stc1000p_lib.o [1]
pid_ctrl                0x00941b   0xa0  Code  Gb  pid.o [1]
pid_out                 0x000091    0x2  Data  Gb  stc1000p_lib.o [1]
pid_to_time             0x00966d   0x7c  Code  Gb  stc1000p.o [1]
portb                   0x0000a0    0x1  Data  Gb  stc1000p.o [1]
portc                   0x0000a1    0x1  Data  Gb  stc1000p.o [1]
portd                   0x0000a2    0x1  Data  Gb  stc1000p.o [1]
portd_leds              0x00009f    0x1  Data  Gb  stc1000p.o [1]
pp                      0x000079    0x4  Data  Gb  pid.o [1]
prfl_task               0x009bae   0x26  Code  Gb  stc1000p.o [1]
probe2                  0x00009b    0x1  Data  Gb  stc1000p.o [1]
prx_to_led              0x009872   0x54  Code  Gb  stc1000p_lib.o [1]
pwr_on                  0x00001c    0x1  Data  Gb  stc1000p_lib.o [1]
pwr_on_tmr              0x000014    0x2  Data  Gb  stc1000p.o [1]
range                   0x008954   0x18  Code  Gb  stc1000p_lib.o [1]
read_adc                0x0096f2   0x74  Code  Gb  adc.o [1]
read_buttons            0x009766   0x5c  Code  Gb  stc1000p_lib.o [1]
restore_display_state   0x009a69   0x37  Code  Gb  stc1000p.o [1]
save_display_state      0x009b35   0x29  Code  Gb  stc1000p.o [1]
scheduler_isr           0x009087   0xba  Code  Gb  scheduler.o [1]
sensor2_selected        0x0000b2    0x1  Data  Gb  stc1000p_lib.o [1]
setpoint                0x00008d    0x2  Data  Gb  stc1000p_lib.o [1]
setup_output_ports      0x00981b   0x57  Code  Gb  stc1000p.o [1]
setup_timer2            0x009c8b   0x15  Code  Gb  stc1000p.o [1]
show_sa_alarm           0x00009c    0x1  Data  Gb  stc1000p.o [1]
std_task                0x0096e9    0x9  Code  Gb  stc1000p.o [1]
strncpy                 0x009b07   0x2e  Code  Gb  strncpy.o [4]
task_list               0x00001d   0x54  Data  Gb  scheduler.o [1]
td                      0x000081    0x2  Data  Gb  pid.o [1]
temp_ntc1               0x000087    0x2  Data  Gb  stc1000p.o [1]
temp_ntc2               0x000089    0x2  Data  Gb  stc1000p.o [1]
temperature_control     0x008ec4   0xd9  Code  Gb  stc1000p_lib.o [1]
ti                      0x00007f    0x2  Data  Gb  pid.o [1]
ts                      0x000097    0x1  Data  Gb  pid.o [1]
update_profile          0x008d64  0x148  Code  Gb  stc1000p_lib.o [1]
value_to_led            0x009367   0xb4  Code  Gb  stc1000p_lib.o [1]
yk_1                    0x000083    0x2  Data  Gb  pid.o [1]
yk_2                    0x000085    0x2  Data  Gb  pid.o [1]


[1] = D:\Dropbox\Programming\Github\stc1000_stm8\src\Debug\Obj
[2] = command line
[3] = dbgstm8smd.a
[4] = dlstm8smn.a

  7 045 bytes of readonly  code memory
    517 bytes of readonly  data memory
    436 bytes of readwrite data memory (+ 37 absolute)

Errors: none
Warnings: none
